// Jest Snapshot v1, https://goo.gl/fbAQLP

exports[`ClinicalProviderSearchForm - Form Selector should render all form options correctly with test ids 1`] = `
<DocumentFragment>
  .emotion-0 {
  width: 700px;
}

.emotion-1 {
  display: -webkit-inline-box;
  display: -webkit-inline-flex;
  display: -ms-inline-flexbox;
  display: inline-flex;
  border-radius: 6px;
  box-shadow: none;
  width: 100%;
  margin-bottom: 24px;
}

.emotion-1 .MuiButtonGroup-grouped {
  min-width: 40px;
}

.emotion-1 .MuiButtonGroup-grouped:not(:first-of-type) {
  border-top-left-radius: 0;
  border-bottom-left-radius: 0;
  margin-left: -1px;
}

.emotion-1 .MuiButtonGroup-grouped:not(:last-of-type) {
  border-top-right-radius: 0;
  border-bottom-right-radius: 0;
  border-right-color: transparent;
}

.emotion-1 .MuiButtonGroup-grouped:not(:last-of-type):hover {
  border-right-color: currentColor;
}

.emotion-2 {
  display: -webkit-inline-box;
  display: -webkit-inline-flex;
  display: -ms-inline-flexbox;
  display: inline-flex;
  -webkit-align-items: center;
  -webkit-box-align: center;
  -ms-flex-align: center;
  align-items: center;
  -webkit-box-pack: center;
  -ms-flex-pack: center;
  -webkit-justify-content: center;
  justify-content: center;
  position: relative;
  box-sizing: border-box;
  -webkit-tap-highlight-color: transparent;
  background-color: transparent;
  outline: 0;
  border: 0;
  margin: 0;
  border-radius: 0;
  padding: 0;
  cursor: pointer;
  -webkit-user-select: none;
  -moz-user-select: none;
  -ms-user-select: none;
  user-select: none;
  vertical-align: middle;
  -moz-appearance: none;
  -webkit-appearance: none;
  -webkit-text-decoration: none;
  text-decoration: none;
  color: inherit;
  font-weight: 600;
  font-size: 0.9375rem;
  line-height: 1.714;
  text-transform: none;
  letter-spacing: 0.025rem;
  font-family: Open Sans,Segoe UI,Tahoma,sans-serif;
  min-width: 64px;
  padding: 7px 21px;
  border-radius: 6px;
  -webkit-transition: background-color 250ms cubic-bezier(0.4, 0, 0.2, 1) 0ms,box-shadow 250ms cubic-bezier(0.4, 0, 0.2, 1) 0ms,border-color 250ms cubic-bezier(0.4, 0, 0.2, 1) 0ms,color 250ms cubic-bezier(0.4, 0, 0.2, 1) 0ms;
  transition: background-color 250ms cubic-bezier(0.4, 0, 0.2, 1) 0ms,box-shadow 250ms cubic-bezier(0.4, 0, 0.2, 1) 0ms,border-color 250ms cubic-bezier(0.4, 0, 0.2, 1) 0ms,color 250ms cubic-bezier(0.4, 0, 0.2, 1) 0ms;
  border: 1px solid rgba(0, 116, 184, 0.5);
  color: #0074B8;
  width: 100%;
  box-shadow: none;
}

.emotion-2::-moz-focus-inner {
  border-style: none;
}

.emotion-2.Mui-disabled {
  pointer-events: none;
  cursor: default;
}

@media print {
  .emotion-2 {
    -webkit-print-color-adjust: exact;
    color-adjust: exact;
  }
}

.emotion-2:hover {
  -webkit-text-decoration: none;
  text-decoration: none;
  background-color: rgba(0, 116, 184, 0.04);
  border: 1px solid #0074B8;
}

@media (hover: none) {
  .emotion-2:hover {
    background-color: transparent;
  }
}

.emotion-2.Mui-disabled {
  color: rgba(17, 27, 34, 0.26);
  border: 1px solid rgba(17, 27, 34, 0.12);
}

.emotion-2:hover {
  box-shadow: none;
}

.emotion-2.Mui-focusVisible {
  box-shadow: none;
}

.emotion-2:active {
  box-shadow: none;
}

.emotion-2.Mui-disabled {
  box-shadow: none;
}

.emotion-3 {
  overflow: hidden;
  pointer-events: none;
  position: absolute;
  z-index: 0;
  top: 0;
  right: 0;
  bottom: 0;
  left: 0;
  border-radius: inherit;
}

.emotion-4 {
  display: -webkit-inline-box;
  display: -webkit-inline-flex;
  display: -ms-inline-flexbox;
  display: inline-flex;
  -webkit-align-items: center;
  -webkit-box-align: center;
  -ms-flex-align: center;
  align-items: center;
  -webkit-box-pack: center;
  -ms-flex-pack: center;
  -webkit-justify-content: center;
  justify-content: center;
  position: relative;
  box-sizing: border-box;
  -webkit-tap-highlight-color: transparent;
  background-color: transparent;
  outline: 0;
  border: 0;
  margin: 0;
  border-radius: 0;
  padding: 0;
  cursor: pointer;
  -webkit-user-select: none;
  -moz-user-select: none;
  -ms-user-select: none;
  user-select: none;
  vertical-align: middle;
  -moz-appearance: none;
  -webkit-appearance: none;
  -webkit-text-decoration: none;
  text-decoration: none;
  color: inherit;
  font-weight: 600;
  font-size: 0.9375rem;
  line-height: 1.714;
  text-transform: none;
  letter-spacing: 0.025rem;
  font-family: Open Sans,Segoe UI,Tahoma,sans-serif;
  min-width: 64px;
  padding: 7px 21px;
  border-radius: 6px;
  -webkit-transition: background-color 250ms cubic-bezier(0.4, 0, 0.2, 1) 0ms,box-shadow 250ms cubic-bezier(0.4, 0, 0.2, 1) 0ms,border-color 250ms cubic-bezier(0.4, 0, 0.2, 1) 0ms,color 250ms cubic-bezier(0.4, 0, 0.2, 1) 0ms;
  transition: background-color 250ms cubic-bezier(0.4, 0, 0.2, 1) 0ms,box-shadow 250ms cubic-bezier(0.4, 0, 0.2, 1) 0ms,border-color 250ms cubic-bezier(0.4, 0, 0.2, 1) 0ms,color 250ms cubic-bezier(0.4, 0, 0.2, 1) 0ms;
  border: 1px solid rgba(0, 116, 184, 0.5);
  color: #0074B8;
  width: 100%;
  box-shadow: none;
  background: #0074B8;
  color: white;
}

.emotion-4::-moz-focus-inner {
  border-style: none;
}

.emotion-4.Mui-disabled {
  pointer-events: none;
  cursor: default;
}

@media print {
  .emotion-4 {
    -webkit-print-color-adjust: exact;
    color-adjust: exact;
  }
}

.emotion-4:hover {
  -webkit-text-decoration: none;
  text-decoration: none;
  background-color: rgba(0, 116, 184, 0.04);
  border: 1px solid #0074B8;
}

@media (hover: none) {
  .emotion-4:hover {
    background-color: transparent;
  }
}

.emotion-4.Mui-disabled {
  color: rgba(17, 27, 34, 0.26);
  border: 1px solid rgba(17, 27, 34, 0.12);
}

.emotion-4:hover {
  box-shadow: none;
}

.emotion-4.Mui-focusVisible {
  box-shadow: none;
}

.emotion-4:active {
  box-shadow: none;
}

.emotion-4.Mui-disabled {
  box-shadow: none;
}

.emotion-4:hover {
  background: #0074B8;
}

<div
    class="MuiBox-root emotion-0"
  >
    <div
      class="MuiButtonGroup-root MuiButtonGroup-outlined MuiButtonGroup-fullWidth MuiButtonGroup-disableElevation emotion-1"
      role="group"
    >
      <button
        class="MuiButtonBase-root MuiButton-root MuiButton-outlined MuiButton-outlinedPrimary MuiButton-sizeLarge MuiButton-outlinedSizeLarge MuiButton-disableElevation MuiButton-fullWidth MuiButtonGroup-grouped MuiButtonGroup-groupedHorizontal MuiButtonGroup-groupedOutlined MuiButtonGroup-groupedOutlinedHorizontal MuiButtonGroup-groupedOutlinedPrimary MuiButton-root MuiButton-outlined MuiButton-outlinedPrimary MuiButton-sizeLarge MuiButton-outlinedSizeLarge MuiButton-disableElevation MuiButton-fullWidth MuiButtonGroup-grouped MuiButtonGroup-groupedHorizontal MuiButtonGroup-groupedOutlined MuiButtonGroup-groupedOutlinedHorizontal MuiButtonGroup-groupedOutlinedPrimary emotion-2"
        data-testid="form-select-button-name"
        tabindex="0"
        type="button"
      >
        By Name
        <span
          class="MuiTouchRipple-root emotion-3"
        />
      </button>
      <button
        class="MuiButtonBase-root MuiButton-root MuiButton-outlined MuiButton-outlinedPrimary MuiButton-sizeLarge MuiButton-outlinedSizeLarge MuiButton-disableElevation MuiButton-fullWidth MuiButtonGroup-grouped MuiButtonGroup-groupedHorizontal MuiButtonGroup-groupedOutlined MuiButtonGroup-groupedOutlinedHorizontal MuiButtonGroup-groupedOutlinedPrimary MuiButton-root MuiButton-outlined MuiButton-outlinedPrimary MuiButton-sizeLarge MuiButton-outlinedSizeLarge MuiButton-disableElevation MuiButton-fullWidth MuiButtonGroup-grouped MuiButtonGroup-groupedHorizontal MuiButtonGroup-groupedOutlined MuiButtonGroup-groupedOutlinedHorizontal MuiButtonGroup-groupedOutlinedPrimary emotion-4"
        data-testid="form-select-button-practice"
        tabindex="0"
        type="button"
      >
        By Practice
        <span
          class="MuiTouchRipple-root emotion-3"
        />
      </button>
      <button
        class="MuiButtonBase-root MuiButton-root MuiButton-outlined MuiButton-outlinedPrimary MuiButton-sizeLarge MuiButton-outlinedSizeLarge MuiButton-disableElevation MuiButton-fullWidth MuiButtonGroup-grouped MuiButtonGroup-groupedHorizontal MuiButtonGroup-groupedOutlined MuiButtonGroup-groupedOutlinedHorizontal MuiButtonGroup-groupedOutlinedPrimary MuiButton-root MuiButton-outlined MuiButton-outlinedPrimary MuiButton-sizeLarge MuiButton-outlinedSizeLarge MuiButton-disableElevation MuiButton-fullWidth MuiButtonGroup-grouped MuiButtonGroup-groupedHorizontal MuiButtonGroup-groupedOutlined MuiButtonGroup-groupedOutlinedHorizontal MuiButtonGroup-groupedOutlinedPrimary emotion-2"
        data-testid="form-select-button-phone"
        tabindex="0"
        type="button"
      >
        By Phone
        <span
          class="MuiTouchRipple-root emotion-3"
        />
      </button>
    </div>
  </div>
</DocumentFragment>
`;
