// Jest Snapshot v1, https://goo.gl/fbAQLP

exports[`ProviderMarketsDropdown should render correctly 1`] = `
.emotion-0 {
  font-family: "Roboto","Helvetica","Arial",sans-serif;
  font-weight: 400;
  font-size: 1rem;
  line-height: 1.4375em;
  letter-spacing: 0.00938em;
  color: rgba(0, 0, 0, 0.87);
  box-sizing: border-box;
  position: relative;
  cursor: text;
  display: -webkit-inline-box;
  display: -webkit-inline-flex;
  display: -ms-inline-flexbox;
  display: inline-flex;
  -webkit-align-items: center;
  -webkit-box-align: center;
  -ms-flex-align: center;
  align-items: center;
  position: relative;
  color: #1976d2;
  font-size: 20px;
  line-height: 28px;
}

.emotion-0.Mui-disabled {
  color: rgba(0, 0, 0, 0.38);
  cursor: default;
}

.emotion-0:after {
  border-bottom: 2px solid #1976d2;
  left: 0;
  bottom: 0;
  content: "";
  position: absolute;
  right: 0;
  -webkit-transform: scaleX(0);
  -moz-transform: scaleX(0);
  -ms-transform: scaleX(0);
  transform: scaleX(0);
  -webkit-transition: -webkit-transform 200ms cubic-bezier(0.0, 0, 0.2, 1) 0ms;
  transition: transform 200ms cubic-bezier(0.0, 0, 0.2, 1) 0ms;
  pointer-events: none;
}

.emotion-0.Mui-focused:after {
  -webkit-transform: scaleX(1) translateX(0);
  -moz-transform: scaleX(1) translateX(0);
  -ms-transform: scaleX(1) translateX(0);
  transform: scaleX(1) translateX(0);
}

.emotion-0.Mui-error:after {
  border-bottom-color: #d32f2f;
  -webkit-transform: scaleX(1);
  -moz-transform: scaleX(1);
  -ms-transform: scaleX(1);
  transform: scaleX(1);
}

.emotion-0:before {
  border-bottom: 1px solid rgba(0, 0, 0, 0.42);
  left: 0;
  bottom: 0;
  content: "\\00a0";
  position: absolute;
  right: 0;
  -webkit-transition: border-bottom-color 200ms cubic-bezier(0.4, 0, 0.2, 1) 0ms;
  transition: border-bottom-color 200ms cubic-bezier(0.4, 0, 0.2, 1) 0ms;
  pointer-events: none;
}

.emotion-0:hover:not(.Mui-disabled):before {
  border-bottom: 2px solid rgba(0, 0, 0, 0.87);
}

@media (hover: none) {
  .emotion-0:hover:not(.Mui-disabled):before {
    border-bottom: 1px solid rgba(0, 0, 0, 0.42);
  }
}

.emotion-0.Mui-disabled:before {
  border-bottom-style: dotted;
}

.emotion-0::before {
  border-bottom: none;
  border-bottom-style: none!important;
}

.emotion-0 .MuiSvgIcon-root {
  color: #1976d2;
}

.emotion-1 {
  -moz-appearance: none;
  -webkit-appearance: none;
  -webkit-user-select: none;
  -moz-user-select: none;
  -ms-user-select: none;
  user-select: none;
  border-radius: 0;
  cursor: pointer;
  font: inherit;
  letter-spacing: inherit;
  color: currentColor;
  padding: 4px 0 5px;
  border: 0;
  box-sizing: content-box;
  background: none;
  height: 1.4375em;
  margin: 0;
  -webkit-tap-highlight-color: transparent;
  display: block;
  min-width: 0;
  width: 100%;
  -webkit-animation-name: mui-auto-fill-cancel;
  animation-name: mui-auto-fill-cancel;
  -webkit-animation-duration: 10ms;
  animation-duration: 10ms;
}

.emotion-1:focus {
  background-color: rgba(0, 0, 0, 0.05);
  border-radius: 0;
}

.emotion-1::-ms-expand {
  display: none;
}

.emotion-1.Mui-disabled {
  cursor: default;
}

.emotion-1[multiple] {
  height: auto;
}

.emotion-1:not([multiple]) option,
.emotion-1:not([multiple]) optgroup {
  background-color: #fff;
}

.emotion-1.emotion-1.emotion-1 {
  padding-right: 24px;
  min-width: 16px;
}

.emotion-1.MuiSelect-select {
  height: auto;
  min-height: 1.4375em;
  text-overflow: ellipsis;
  white-space: nowrap;
  overflow: hidden;
}

.emotion-1::-webkit-input-placeholder {
  color: currentColor;
  opacity: 0.42;
  -webkit-transition: opacity 200ms cubic-bezier(0.4, 0, 0.2, 1) 0ms;
  transition: opacity 200ms cubic-bezier(0.4, 0, 0.2, 1) 0ms;
}

.emotion-1::-moz-placeholder {
  color: currentColor;
  opacity: 0.42;
  -webkit-transition: opacity 200ms cubic-bezier(0.4, 0, 0.2, 1) 0ms;
  transition: opacity 200ms cubic-bezier(0.4, 0, 0.2, 1) 0ms;
}

.emotion-1:-ms-input-placeholder {
  color: currentColor;
  opacity: 0.42;
  -webkit-transition: opacity 200ms cubic-bezier(0.4, 0, 0.2, 1) 0ms;
  transition: opacity 200ms cubic-bezier(0.4, 0, 0.2, 1) 0ms;
}

.emotion-1::-ms-input-placeholder {
  color: currentColor;
  opacity: 0.42;
  -webkit-transition: opacity 200ms cubic-bezier(0.4, 0, 0.2, 1) 0ms;
  transition: opacity 200ms cubic-bezier(0.4, 0, 0.2, 1) 0ms;
}

.emotion-1:focus {
  outline: 0;
}

.emotion-1:invalid {
  box-shadow: none;
}

.emotion-1::-webkit-search-decoration {
  -webkit-appearance: none;
}

label[data-shrink=false]+.MuiInputBase-formControl .emotion-1::-webkit-input-placeholder {
  opacity: 0!important;
}

label[data-shrink=false]+.MuiInputBase-formControl .emotion-1::-moz-placeholder {
  opacity: 0!important;
}

label[data-shrink=false]+.MuiInputBase-formControl .emotion-1:-ms-input-placeholder {
  opacity: 0!important;
}

label[data-shrink=false]+.MuiInputBase-formControl .emotion-1::-ms-input-placeholder {
  opacity: 0!important;
}

label[data-shrink=false]+.MuiInputBase-formControl .emotion-1:focus::-webkit-input-placeholder {
  opacity: 0.42;
}

label[data-shrink=false]+.MuiInputBase-formControl .emotion-1:focus::-moz-placeholder {
  opacity: 0.42;
}

label[data-shrink=false]+.MuiInputBase-formControl .emotion-1:focus:-ms-input-placeholder {
  opacity: 0.42;
}

label[data-shrink=false]+.MuiInputBase-formControl .emotion-1:focus::-ms-input-placeholder {
  opacity: 0.42;
}

.emotion-1.Mui-disabled {
  opacity: 1;
  -webkit-text-fill-color: rgba(0, 0, 0, 0.38);
}

.emotion-1:-webkit-autofill {
  -webkit-animation-duration: 5000s;
  animation-duration: 5000s;
  -webkit-animation-name: mui-auto-fill;
  animation-name: mui-auto-fill;
}

.emotion-2 {
  bottom: 0;
  left: 0;
  position: absolute;
  opacity: 0;
  pointer-events: none;
  width: 100%;
  box-sizing: border-box;
}

.emotion-3 {
  -webkit-user-select: none;
  -moz-user-select: none;
  -ms-user-select: none;
  user-select: none;
  width: 1em;
  height: 1em;
  display: inline-block;
  fill: currentColor;
  -webkit-flex-shrink: 0;
  -ms-flex-negative: 0;
  flex-shrink: 0;
  -webkit-transition: fill 200ms cubic-bezier(0.4, 0, 0.2, 1) 0ms;
  transition: fill 200ms cubic-bezier(0.4, 0, 0.2, 1) 0ms;
  font-size: 1.5rem;
  position: absolute;
  right: 0;
  top: calc(50% - .5em);
  pointer-events: none;
  color: rgba(0, 0, 0, 0.54);
  -webkit-transform: rotate(180deg);
  -moz-transform: rotate(180deg);
  -ms-transform: rotate(180deg);
  transform: rotate(180deg);
}

.emotion-3.Mui-disabled {
  color: rgba(0, 0, 0, 0.26);
}

.emotion-4 {
  position: fixed;
  z-index: 1300;
  right: 0;
  bottom: 0;
  top: 0;
  left: 0;
}

.emotion-5 {
  position: fixed;
  display: -webkit-box;
  display: -webkit-flex;
  display: -ms-flexbox;
  display: flex;
  -webkit-align-items: center;
  -webkit-box-align: center;
  -ms-flex-align: center;
  align-items: center;
  -webkit-box-pack: center;
  -ms-flex-pack: center;
  -webkit-justify-content: center;
  justify-content: center;
  right: 0;
  bottom: 0;
  top: 0;
  left: 0;
  background-color: transparent;
  -webkit-tap-highlight-color: transparent;
  z-index: -1;
}

.emotion-6 {
  background-color: #fff;
  color: rgba(0, 0, 0, 0.87);
  -webkit-transition: box-shadow 300ms cubic-bezier(0.4, 0, 0.2, 1) 0ms;
  transition: box-shadow 300ms cubic-bezier(0.4, 0, 0.2, 1) 0ms;
  border-radius: 4px;
  box-shadow: 0px 2px 1px -1px rgba(0,0,0,0.2),0px 1px 1px 0px rgba(0,0,0,0.14),0px 1px 3px 0px rgba(0,0,0,0.12);
  max-height: calc(100% - 96px);
  -webkit-overflow-scrolling: touch;
  background-color: #fff;
  color: rgba(0, 0, 0, 0.87);
  -webkit-transition: box-shadow 300ms cubic-bezier(0.4, 0, 0.2, 1) 0ms;
  transition: box-shadow 300ms cubic-bezier(0.4, 0, 0.2, 1) 0ms;
  border-radius: 4px;
  box-shadow: 0px 5px 5px -3px rgba(0,0,0,0.2),0px 8px 10px 1px rgba(0,0,0,0.14),0px 3px 14px 2px rgba(0,0,0,0.12);
  position: absolute;
  overflow-y: auto;
  overflow-x: hidden;
  min-width: 16px;
  min-height: 16px;
  max-width: calc(100% - 32px);
  max-height: calc(100% - 32px);
  outline: 0;
}

.emotion-7 {
  list-style: none;
  margin: 0;
  padding: 0;
  position: relative;
  padding-top: 8px;
  padding-bottom: 8px;
  outline: 0;
}

.emotion-8 {
  display: -webkit-inline-box;
  display: -webkit-inline-flex;
  display: -ms-inline-flexbox;
  display: inline-flex;
  -webkit-align-items: center;
  -webkit-box-align: center;
  -ms-flex-align: center;
  align-items: center;
  -webkit-box-pack: center;
  -ms-flex-pack: center;
  -webkit-justify-content: center;
  justify-content: center;
  position: relative;
  box-sizing: border-box;
  -webkit-tap-highlight-color: transparent;
  background-color: transparent;
  outline: 0;
  border: 0;
  margin: 0;
  border-radius: 0;
  padding: 0;
  cursor: pointer;
  -webkit-user-select: none;
  -moz-user-select: none;
  -ms-user-select: none;
  user-select: none;
  vertical-align: middle;
  -moz-appearance: none;
  -webkit-appearance: none;
  -webkit-text-decoration: none;
  text-decoration: none;
  color: inherit;
  font-family: "Roboto","Helvetica","Arial",sans-serif;
  font-weight: 400;
  font-size: 1rem;
  line-height: 1.5;
  letter-spacing: 0.00938em;
  display: -webkit-box;
  display: -webkit-flex;
  display: -ms-flexbox;
  display: flex;
  -webkit-box-pack: start;
  -ms-flex-pack: start;
  -webkit-justify-content: flex-start;
  justify-content: flex-start;
  -webkit-align-items: center;
  -webkit-box-align: center;
  -ms-flex-align: center;
  align-items: center;
  position: relative;
  -webkit-text-decoration: none;
  text-decoration: none;
  min-height: 48px;
  padding-top: 6px;
  padding-bottom: 6px;
  box-sizing: border-box;
  white-space: nowrap;
  padding-left: 16px;
  padding-right: 16px;
}

.emotion-8::-moz-focus-inner {
  border-style: none;
}

.emotion-8.Mui-disabled {
  pointer-events: none;
  cursor: default;
}

@media print {
  .emotion-8 {
    -webkit-print-color-adjust: exact;
    color-adjust: exact;
  }
}

.emotion-8:hover {
  -webkit-text-decoration: none;
  text-decoration: none;
  background-color: rgba(0, 0, 0, 0.04);
}

@media (hover: none) {
  .emotion-8:hover {
    background-color: transparent;
  }
}

.emotion-8.Mui-selected {
  background-color: rgba(25, 118, 210, 0.08);
}

.emotion-8.Mui-selected.Mui-focusVisible {
  background-color: rgba(25, 118, 210, 0.2);
}

.emotion-8.Mui-selected:hover {
  background-color: rgba(25, 118, 210, 0.12);
}

@media (hover: none) {
  .emotion-8.Mui-selected:hover {
    background-color: rgba(25, 118, 210, 0.08);
  }
}

.emotion-8.Mui-focusVisible {
  background-color: rgba(0, 0, 0, 0.12);
}

.emotion-8.Mui-disabled {
  opacity: 0.38;
}

.emotion-8+.MuiDivider-root {
  margin-top: 8px;
  margin-bottom: 8px;
}

.emotion-8+.MuiDivider-inset {
  margin-left: 52px;
}

.emotion-8 .MuiListItemText-root {
  margin-top: 0;
  margin-bottom: 0;
}

.emotion-8 .MuiListItemText-inset {
  padding-left: 36px;
}

.emotion-8 .MuiListItemIcon-root {
  min-width: 36px;
}

@media (min-width:600px) {
  .emotion-8 {
    min-height: auto;
  }
}

.emotion-9 {
  overflow: hidden;
  pointer-events: none;
  position: absolute;
  z-index: 0;
  top: 0;
  right: 0;
  bottom: 0;
  left: 0;
  border-radius: inherit;
}

<body
  style="padding-right: 1024px; overflow: hidden;"
>
  <div
    aria-hidden="true"
  >
    <div
      class="MuiInputBase-root MuiInput-root MuiInput-underline MuiInputBase-colorPrimary Mui-focused  emotion-0"
      data-testid="provider-markets-dropdown-select"
    >
      <div
        aria-expanded="true"
        aria-haspopup="listbox"
        class="MuiSelect-select MuiSelect-standard MuiInputBase-input MuiInput-input emotion-1"
        role="button"
        tabindex="0"
      >
        <span
          class="notranslate"
        >
          ​
        </span>
      </div>
      <input
        aria-hidden="true"
        class="MuiSelect-nativeInput emotion-2"
        tabindex="-1"
        value=""
      />
      <svg
        aria-hidden="true"
        class="MuiSvgIcon-root MuiSvgIcon-fontSizeMedium MuiSelect-icon MuiSelect-iconStandard MuiSelect-iconOpen emotion-3"
        data-testid="ArrowDropDownIcon"
        focusable="false"
        viewBox="0 0 24 24"
      >
        <path
          d="M7 10l5 5 5-5z"
        />
      </svg>
    </div>
  </div>
  <div
    class="MuiPopover-root MuiMenu-root MuiModal-root emotion-4"
    id="menu-"
    role="presentation"
  >
    <div
      aria-hidden="true"
      class="MuiBackdrop-root MuiBackdrop-invisible emotion-5"
      style="opacity: 1; webkit-transition: opacity 225ms cubic-bezier(0.4, 0, 0.2, 1) 0ms; transition: opacity 225ms cubic-bezier(0.4, 0, 0.2, 1) 0ms;"
    />
    <div
      data-testid="sentinelStart"
      tabindex="0"
    />
    <div
      class="MuiPaper-root MuiPaper-elevation MuiPaper-rounded MuiPaper-elevation1 MuiPaper-root MuiMenu-paper MuiPaper-elevation MuiPaper-rounded MuiPaper-elevation8 MuiPopover-paper emotion-6"
      style="opacity: 1; transform: none; min-width: 0; transition: opacity 0ms cubic-bezier(0.4, 0, 0.2, 1) 0ms,transform 0ms cubic-bezier(0.4, 0, 0.2, 1) 0ms; top: 16px; left: 16px; transform-origin: -16px -16px;"
      tabindex="-1"
    >
      <ul
        class="MuiList-root MuiList-padding MuiMenu-list emotion-7"
        role="listbox"
        tabindex="-1"
      >
        <li
          aria-selected="false"
          class="MuiButtonBase-root MuiMenuItem-root MuiMenuItem-gutters Mui-focusVisible MuiMenuItem-root MuiMenuItem-gutters emotion-8"
          data-testid="provider-markets-dropdown-select-item-176"
          data-value="176"
          role="option"
          tabindex="0"
        >
          Boise
          <span
            class="MuiTouchRipple-root emotion-9"
          />
        </li>
        <li
          aria-selected="false"
          class="MuiButtonBase-root MuiMenuItem-root MuiMenuItem-gutters MuiMenuItem-root MuiMenuItem-gutters emotion-8"
          data-testid="provider-markets-dropdown-select-item-198"
          data-value="198"
          role="option"
          tabindex="-1"
        >
          Columbus
          <span
            class="MuiTouchRipple-root emotion-9"
          />
        </li>
      </ul>
    </div>
    <div
      data-testid="sentinelEnd"
      tabindex="0"
    />
  </div>
</body>
`;
