// Jest Snapshot v1, https://goo.gl/fbAQLP

exports[`MarketPerformance should render correctly when data is present 1`] = `
<DocumentFragment>
  .emotion-0 {
  width: 100%;
  margin-left: auto;
  box-sizing: border-box;
  margin-right: auto;
  display: block;
  padding-left: 16px;
  padding-right: 16px;
}

@media (min-width:600px) {
  .emotion-0 {
    padding-left: 24px;
    padding-right: 24px;
  }
}

@media (min-width:1200px) {
  .emotion-0 {
    max-width: 1200px;
  }
}

.emotion-1 {
  display: -webkit-box;
  display: -webkit-flex;
  display: -ms-flexbox;
  display: flex;
  border-bottom: 2px solid;
  border-bottom-color: rgba(0, 0, 0, 0.12);
  border-bottom-style: solid;
  padding: 4px 0px;
  -webkit-align-items: center;
  -webkit-box-align: center;
  -ms-flex-align: center;
  align-items: center;
}

.emotion-2 {
  -webkit-user-select: none;
  -moz-user-select: none;
  -ms-user-select: none;
  user-select: none;
  width: 1em;
  height: 1em;
  display: inline-block;
  fill: currentColor;
  -webkit-flex-shrink: 0;
  -ms-flex-negative: 0;
  flex-shrink: 0;
  -webkit-transition: fill 200ms cubic-bezier(0.4, 0, 0.2, 1) 0ms;
  transition: fill 200ms cubic-bezier(0.4, 0, 0.2, 1) 0ms;
  font-size: 1.5rem;
  color: #1976d2;
}

.emotion-3 {
  margin: 0;
  font-family: "Roboto","Helvetica","Arial",sans-serif;
  font-weight: 500;
  font-size: 1.25rem;
  line-height: 1.6;
  letter-spacing: 0.0075em;
  color: #1976d2;
  margin-left: 12px;
}

.emotion-4 {
  box-sizing: border-box;
  display: -webkit-box;
  display: -webkit-flex;
  display: -ms-flexbox;
  display: flex;
  -webkit-box-flex-wrap: wrap;
  -webkit-flex-wrap: wrap;
  -ms-flex-wrap: wrap;
  flex-wrap: wrap;
  width: 100%;
  -webkit-flex-direction: row;
  -ms-flex-direction: row;
  flex-direction: row;
  width: 100%;
  padding-top: 24px;
  padding-bottom: 8px;
}

@media (min-width:0px) {
  .emotion-4 {
    margin-top: -16px;
  }

  .emotion-4>.MuiGrid-item {
    padding-top: 16px;
  }
}

@media (min-width:600px) {
  .emotion-4 {
    margin-top: 0;
  }

  .emotion-4>.MuiGrid-item {
    padding-top: 0;
  }
}

@media (min-width:600px) {
  .emotion-4 {
    width: calc(100% + 16px);
    margin-left: -16px;
  }

  .emotion-4>.MuiGrid-item {
    padding-left: 16px;
  }
}

.emotion-5 {
  box-sizing: border-box;
  margin: 0;
  -webkit-flex-direction: row;
  -ms-flex-direction: row;
  flex-direction: row;
  width: 100%;
}

@media (min-width:600px) {
  .emotion-5 {
    -webkit-flex-basis: 25%;
    -ms-flex-preferred-size: 25%;
    flex-basis: 25%;
    -webkit-box-flex: 0;
    -webkit-flex-grow: 0;
    -ms-flex-positive: 0;
    flex-grow: 0;
    max-width: 25%;
  }
}

@media (min-width:900px) {
  .emotion-5 {
    -webkit-flex-basis: 25%;
    -ms-flex-preferred-size: 25%;
    flex-basis: 25%;
    -webkit-box-flex: 0;
    -webkit-flex-grow: 0;
    -ms-flex-positive: 0;
    flex-grow: 0;
    max-width: 25%;
  }
}

@media (min-width:1200px) {
  .emotion-5 {
    -webkit-flex-basis: 25%;
    -ms-flex-preferred-size: 25%;
    flex-basis: 25%;
    -webkit-box-flex: 0;
    -webkit-flex-grow: 0;
    -ms-flex-positive: 0;
    flex-grow: 0;
    max-width: 25%;
  }
}

@media (min-width:1536px) {
  .emotion-5 {
    -webkit-flex-basis: 25%;
    -ms-flex-preferred-size: 25%;
    flex-basis: 25%;
    -webkit-box-flex: 0;
    -webkit-flex-grow: 0;
    -ms-flex-positive: 0;
    flex-grow: 0;
    max-width: 25%;
  }
}

.emotion-6 {
  background-color: #fff;
  color: rgba(0, 0, 0, 0.87);
  -webkit-transition: box-shadow 300ms cubic-bezier(0.4, 0, 0.2, 1) 0ms;
  transition: box-shadow 300ms cubic-bezier(0.4, 0, 0.2, 1) 0ms;
  border-radius: 4px;
  box-shadow: 0px 2px 1px -1px rgba(0,0,0,0.2),0px 1px 1px 0px rgba(0,0,0,0.14),0px 1px 3px 0px rgba(0,0,0,0.12);
  overflow: hidden;
  display: -webkit-box;
  display: -webkit-flex;
  display: -ms-flexbox;
  display: flex;
  -webkit-align-items: left;
  -webkit-box-align: left;
  -ms-flex-align: left;
  align-items: left;
  -webkit-flex-direction: column;
  -ms-flex-direction: column;
  flex-direction: column;
  height: 100%;
  width: 100%;
  border-radius: 8px;
  padding: 16px;
}

.emotion-7 {
  display: -webkit-box;
  display: -webkit-flex;
  display: -ms-flexbox;
  display: flex;
  -webkit-flex-direction: row;
  -ms-flex-direction: row;
  flex-direction: row;
  padding: 8px;
}

.emotion-8 {
  margin: 0;
  font-family: "Roboto","Helvetica","Arial",sans-serif;
  font-weight: 400;
  font-size: 1rem;
  line-height: 1.75;
  letter-spacing: 0.00938em;
}

.emotion-10 {
  margin: 0;
  font-family: "Roboto","Helvetica","Arial",sans-serif;
  font-weight: 400;
  font-size: 2.125rem;
  line-height: 1.235;
  letter-spacing: 0.00735em;
  font-size: 1.5rem;
}

.emotion-11 {
  margin: 0;
  font-family: Open Sans;
  margin-top: auto;
  margin-bottom: auto;
  margin-left: 8px;
  margin-right: 8px;
  color: #d32f2f;
}

.emotion-12 {
  margin: 0;
  color: #616161;
  padding: 8px;
}

.emotion-13 {
  margin: 0;
  font-family: "Roboto","Helvetica","Arial",sans-serif;
  font-weight: 400;
  font-size: 0.875rem;
  line-height: 1.43;
  letter-spacing: 0.01071em;
  color: #616161;
  padding: 8px;
}

.emotion-29 {
  margin: 0;
  font-family: Open Sans;
  margin-top: auto;
  margin-bottom: auto;
  margin-left: 8px;
  margin-right: 8px;
  color: #2e7d32;
}

<div
    class="MuiContainer-root MuiContainer-maxWidthLg emotion-0"
  >
    <div
      class="MuiBox-root emotion-1"
    >
      <svg
        aria-hidden="true"
        class="MuiSvgIcon-root MuiSvgIcon-colorPrimary MuiSvgIcon-fontSizeMedium emotion-2"
        data-testid="PersonIcon"
        focusable="false"
        viewBox="0 0 24 24"
      >
        <path
          d="M12 12c2.21 0 4-1.79 4-4s-1.79-4-4-4-4 1.79-4 4 1.79 4 4 4zm0 2c-2.67 0-8 1.34-8 4v2h16v-2c0-2.66-5.33-4-8-4z"
        />
      </svg>
      <h6
        class="MuiTypography-root MuiTypography-h6 emotion-3"
        data-testid="performance-section-metrics-section-title"
      >
        Market Performance
      </h6>
    </div>
    <div
      class="MuiGrid-root MuiGrid-container MuiGrid-spacing-sm-2 emotion-4"
    >
      <div
        class="MuiGrid-root MuiGrid-item MuiGrid-grid-sm-3 emotion-5"
      >
        <div
          class="MuiPaper-root MuiPaper-elevation MuiPaper-rounded MuiPaper-elevation1 MuiCard-root emotion-6"
        >
          <div
            class="MuiBox-root emotion-7"
          >
            <h6
              class="MuiTypography-root MuiTypography-subtitle1 emotion-8"
              data-testid="OnSceneTime-individual-metric-type"
            >
              On Scene Time
            </h6>
          </div>
          <div
            class="MuiBox-root emotion-7"
          >
            <h4
              class="MuiTypography-root MuiTypography-h4 emotion-10"
              data-testid="OnSceneTime-individual-metric-value"
            >
              97.26 mins
            </h4>
            <span
              class="MuiTypography-root MuiTypography-label emotion-11"
              data-testid="OnSceneTime-individual-metric-change"
            >
              +290.52 mins
            </span>
          </div>
          <span
            class="MuiTypography-root MuiTypography-label emotion-12"
            data-testid="OnSceneTime-individual-metric-performance"
          >
            Since last week, the Market's On Scene Time went up 290.52 mins
          </span>
          <p
            class="MuiTypography-root MuiTypography-body2 emotion-13"
            data-testid="OnSceneTime-individual-metric-goal"
          >
            Goal: 30 mins
          </p>
        </div>
      </div>
      <div
        class="MuiGrid-root MuiGrid-item MuiGrid-grid-sm-3 emotion-5"
      >
        <div
          class="MuiPaper-root MuiPaper-elevation MuiPaper-rounded MuiPaper-elevation1 MuiCard-root emotion-6"
        >
          <div
            class="MuiBox-root emotion-7"
          >
            <h6
              class="MuiTypography-root MuiTypography-subtitle1 emotion-8"
              data-testid="SurveyCapture-individual-metric-type"
            >
              Survey Capture
            </h6>
          </div>
          <div
            class="MuiBox-root emotion-7"
          >
            <h4
              class="MuiTypography-root MuiTypography-h4 emotion-10"
              data-testid="SurveyCapture-individual-metric-value"
            >
              91.84%
            </h4>
            <span
              class="MuiTypography-root MuiTypography-label emotion-11"
              data-testid="SurveyCapture-individual-metric-change"
            >
              -2.59%
            </span>
          </div>
          <span
            class="MuiTypography-root MuiTypography-label emotion-12"
            data-testid="SurveyCapture-individual-metric-performance"
          >
            Since last week, the Market's Survey Capture went down 2.59%
          </span>
          <p
            class="MuiTypography-root MuiTypography-body2 emotion-13"
            data-testid="SurveyCapture-individual-metric-goal"
          >
            Goal: 80%
          </p>
        </div>
      </div>
      <div
        class="MuiGrid-root MuiGrid-item MuiGrid-grid-sm-3 emotion-5"
      >
        <div
          class="MuiPaper-root MuiPaper-elevation MuiPaper-rounded MuiPaper-elevation1 MuiCard-root emotion-6"
        >
          <div
            class="MuiBox-root emotion-7"
          >
            <h6
              class="MuiTypography-root MuiTypography-subtitle1 emotion-8"
              data-testid="ChartClosure-individual-metric-type"
            >
              Chart Closure
            </h6>
          </div>
          <div
            class="MuiBox-root emotion-7"
          >
            <h4
              class="MuiTypography-root MuiTypography-h4 emotion-10"
              data-testid="ChartClosure-individual-metric-value"
            >
              73.39%
            </h4>
            <span
              class="MuiTypography-root MuiTypography-label emotion-29"
              data-testid="ChartClosure-individual-metric-change"
            >
              +4.41%
            </span>
          </div>
          <span
            class="MuiTypography-root MuiTypography-label emotion-12"
            data-testid="ChartClosure-individual-metric-performance"
          >
            Since last week, the Market's Chart Closure went up 4.41%
          </span>
          <p
            class="MuiTypography-root MuiTypography-body2 emotion-13"
            data-testid="ChartClosure-individual-metric-goal"
          >
            Goal: 99%
          </p>
        </div>
      </div>
      <div
        class="MuiGrid-root MuiGrid-item MuiGrid-grid-sm-3 emotion-5"
      >
        <div
          class="MuiPaper-root MuiPaper-elevation MuiPaper-rounded MuiPaper-elevation1 MuiCard-root emotion-6"
        >
          <div
            class="MuiBox-root emotion-7"
          >
            <h6
              class="MuiTypography-root MuiTypography-subtitle1 emotion-8"
              data-testid="NPS-individual-metric-type"
            >
              NPS
            </h6>
          </div>
          <div
            class="MuiBox-root emotion-7"
          >
            <h4
              class="MuiTypography-root MuiTypography-h4 emotion-10"
              data-testid="NPS-individual-metric-value"
            >
              85.77
            </h4>
            <span
              class="MuiTypography-root MuiTypography-label emotion-11"
              data-testid="NPS-individual-metric-change"
            >
              -0.34
            </span>
          </div>
          <span
            class="MuiTypography-root MuiTypography-label emotion-12"
            data-testid="NPS-individual-metric-performance"
          >
            Since last week, the Market's NPS went down 0.34
          </span>
          <p
            class="MuiTypography-root MuiTypography-body2 emotion-13"
            data-testid="NPS-individual-metric-goal"
          >
            Goal: &gt;=95
          </p>
        </div>
      </div>
    </div>
  </div>
</DocumentFragment>
`;
