// Jest Snapshot v1, https://goo.gl/fbAQLP

exports[`should render 1`] = `
<DocumentFragment>
  @keyframes animation-0 {
  0% {
    left: -35%;
    right: 100%;
  }

  60% {
    left: 100%;
    right: -90%;
  }

  100% {
    left: 100%;
    right: -90%;
  }
}

@keyframes animation-1 {
  0% {
    left: -200%;
    right: 100%;
  }

  60% {
    left: 107%;
    right: -8%;
  }

  100% {
    left: 107%;
    right: -8%;
  }
}

.emotion-0 {
  width: 100%;
}

.emotion-1 {
  position: relative;
  overflow: hidden;
  display: block;
  height: 4px;
  z-index: 0;
  background-color: rgb(158, 202, 228);
}

@media print {
  .emotion-1 {
    -webkit-print-color-adjust: exact;
    color-adjust: exact;
  }
}

.emotion-2 {
  width: 100%;
  position: absolute;
  left: 0;
  bottom: 0;
  top: 0;
  -webkit-transition: -webkit-transform 0.2s linear;
  transition: transform 0.2s linear;
  transform-origin: left;
  background-color: #0074B8;
  width: auto;
  -webkit-animation: animation-0 2.1s cubic-bezier(0.65, 0.815, 0.735, 0.395) infinite;
  animation: animation-0 2.1s cubic-bezier(0.65, 0.815, 0.735, 0.395) infinite;
}

.emotion-3 {
  width: 100%;
  position: absolute;
  left: 0;
  bottom: 0;
  top: 0;
  -webkit-transition: -webkit-transform 0.2s linear;
  transition: transform 0.2s linear;
  transform-origin: left;
  background-color: #0074B8;
  width: auto;
  -webkit-animation: animation-1 2.1s cubic-bezier(0.165, 0.84, 0.44, 1) 1.15s infinite;
  animation: animation-1 2.1s cubic-bezier(0.165, 0.84, 0.44, 1) 1.15s infinite;
}

<div
    class="MuiBox-root emotion-0"
  >
    <span
      class="MuiLinearProgress-root MuiLinearProgress-colorPrimary MuiLinearProgress-indeterminate emotion-1"
      role="progressbar"
    >
      <span
        class="MuiLinearProgress-bar MuiLinearProgress-barColorPrimary MuiLinearProgress-bar1Indeterminate emotion-2"
      />
      <span
        class="MuiLinearProgress-bar MuiLinearProgress-barColorPrimary MuiLinearProgress-bar2Indeterminate emotion-3"
      />
    </span>
  </div>
</DocumentFragment>
`;
