// Jest Snapshot v1, https://goo.gl/fbAQLP

exports[`<RequestHelp /> RequestHelp snapshot without progress 1`] = `
<DocumentFragment>
  .emotion-0 {
  background-color: #FAFBFC;
  min-height: 100vh;
  display: -webkit-box;
  display: -webkit-flex;
  display: -ms-flexbox;
  display: flex;
  -webkit-flex-direction: column;
  -ms-flex-direction: column;
  flex-direction: column;
}

.emotion-1 {
  background-color: #fff;
  color: rgba(0, 0, 0, 0.87);
  -webkit-transition: box-shadow 300ms cubic-bezier(0.4, 0, 0.2, 1) 0ms;
  transition: box-shadow 300ms cubic-bezier(0.4, 0, 0.2, 1) 0ms;
  border-radius: 4px;
  box-shadow: 0px 2px 1px -1px rgba(0,0,0,0.2),0px 1px 1px 0px rgba(0,0,0,0.14),0px 1px 3px 0px rgba(0,0,0,0.12);
  padding: 16px;
  position: relative;
  z-index: 1;
}

.emotion-2 {
  margin: 0;
  color: #1976d2;
  -webkit-text-decoration: underline;
  text-decoration: underline;
  text-decoration-color: rgba(25, 118, 210, 0.4);
  line-height: 0;
  display: block;
}

.emotion-2:hover {
  text-decoration-color: inherit;
}

.emotion-3 {
  position: relative;
  overflow: hidden;
  display: block;
  height: 4px;
  z-index: 0;
  background-color: rgb(167, 202, 237);
  height: 12px;
}

@media print {
  .emotion-3 {
    -webkit-print-color-adjust: exact;
    color-adjust: exact;
  }
}

.emotion-3 .MuiLinearProgress-bar {
  border-radius: 0 8px 8px 0;
}

.emotion-4 {
  width: 100%;
  position: absolute;
  left: 0;
  bottom: 0;
  top: 0;
  -webkit-transition: -webkit-transform .4s linear;
  transition: transform .4s linear;
  transform-origin: left;
  background-color: #1976d2;
}

.emotion-5 {
  width: 100%;
  margin-left: auto;
  box-sizing: border-box;
  margin-right: auto;
  display: block;
  padding-left: 16px;
  padding-right: 16px;
  margin: auto;
  border-radius: 8px;
  border: 1px solid #DDE7EE;
  background: #FEFEFE;
  padding: 24px;
}

@media (min-width:600px) {
  .emotion-5 {
    padding-left: 24px;
    padding-right: 24px;
  }
}

@media (min-width:600px) {
  .emotion-5 {
    max-width: 600px;
  }
}

@media (max-width:599.95px) {
  .emotion-5 {
    padding: 24px 16px;
    max-width: calc(100vw - 32px);
    margin-top: 24px;
    margin-bottom: 24px;
  }
}

.emotion-6 {
  margin: 0;
  font-family: "Roboto","Helvetica","Arial",sans-serif;
  font-weight: 400;
  font-size: 2.125rem;
  line-height: 1.235;
  letter-spacing: 0.00735em;
}

.emotion-7 {
  color: rgba(0, 0, 0, 0.6);
  font-family: "Roboto","Helvetica","Arial",sans-serif;
  font-weight: 400;
  font-size: 0.75rem;
  line-height: 1.66;
  letter-spacing: 0.03333em;
  text-align: left;
  margin-top: 3px;
  margin-right: 0;
  margin-bottom: 0;
  margin-left: 0;
  margin-top: 24px;
  font-size: 14px;
}

.emotion-7.Mui-disabled {
  color: rgba(0, 0, 0, 0.38);
}

.emotion-7.Mui-error {
  color: #d32f2f;
}

.emotion-8.Mui-focused .MuiAutocomplete-clearIndicator {
  visibility: visible;
}

@media (pointer: fine) {
  .emotion-8:hover .MuiAutocomplete-clearIndicator {
    visibility: visible;
  }
}

.emotion-8 .MuiAutocomplete-tag {
  margin: 3px;
  max-width: calc(100% - 6px);
}

.emotion-8 .MuiAutocomplete-inputRoot {
  -webkit-box-flex-wrap: wrap;
  -webkit-flex-wrap: wrap;
  -ms-flex-wrap: wrap;
  flex-wrap: wrap;
}

.MuiAutocomplete-hasPopupIcon.emotion-8 .MuiAutocomplete-inputRoot,
.MuiAutocomplete-hasClearIcon.emotion-8 .MuiAutocomplete-inputRoot {
  padding-right: 30px;
}

.MuiAutocomplete-hasPopupIcon.MuiAutocomplete-hasClearIcon.emotion-8 .MuiAutocomplete-inputRoot {
  padding-right: 56px;
}

.emotion-8 .MuiAutocomplete-inputRoot .MuiAutocomplete-input {
  width: 0;
  min-width: 30px;
}

.emotion-8 .MuiInput-root {
  padding-bottom: 1px;
}

.emotion-8 .MuiInput-root .MuiInput-input {
  padding: 4px 4px 4px 0px;
}

.emotion-8 .MuiInput-root.MuiInputBase-sizeSmall .MuiInput-input {
  padding: 2px 4px 3px 0;
}

.emotion-8 .MuiOutlinedInput-root {
  padding: 9px;
}

.MuiAutocomplete-hasPopupIcon.emotion-8 .MuiOutlinedInput-root,
.MuiAutocomplete-hasClearIcon.emotion-8 .MuiOutlinedInput-root {
  padding-right: 39px;
}

.MuiAutocomplete-hasPopupIcon.MuiAutocomplete-hasClearIcon.emotion-8 .MuiOutlinedInput-root {
  padding-right: 65px;
}

.emotion-8 .MuiOutlinedInput-root .MuiAutocomplete-input {
  padding: 7.5px 4px 7.5px 6px;
}

.emotion-8 .MuiOutlinedInput-root .MuiAutocomplete-endAdornment {
  right: 9px;
}

.emotion-8 .MuiOutlinedInput-root.MuiInputBase-sizeSmall {
  padding-top: 6px;
  padding-bottom: 6px;
  padding-left: 6px;
}

.emotion-8 .MuiOutlinedInput-root.MuiInputBase-sizeSmall .MuiAutocomplete-input {
  padding: 2.5px 4px 2.5px 6px;
}

.emotion-8 .MuiFilledInput-root {
  padding-top: 19px;
  padding-left: 8px;
}

.MuiAutocomplete-hasPopupIcon.emotion-8 .MuiFilledInput-root,
.MuiAutocomplete-hasClearIcon.emotion-8 .MuiFilledInput-root {
  padding-right: 39px;
}

.MuiAutocomplete-hasPopupIcon.MuiAutocomplete-hasClearIcon.emotion-8 .MuiFilledInput-root {
  padding-right: 65px;
}

.emotion-8 .MuiFilledInput-root .MuiFilledInput-input {
  padding: 7px 4px;
}

.emotion-8 .MuiFilledInput-root .MuiAutocomplete-endAdornment {
  right: 9px;
}

.emotion-8 .MuiFilledInput-root.MuiInputBase-sizeSmall {
  padding-bottom: 1px;
}

.emotion-8 .MuiFilledInput-root.MuiInputBase-sizeSmall .MuiFilledInput-input {
  padding: 2.5px 4px;
}

.emotion-8 .MuiInputBase-hiddenLabel {
  padding-top: 8px;
}

.emotion-8 .MuiAutocomplete-input {
  -webkit-box-flex: 1;
  -webkit-flex-grow: 1;
  -ms-flex-positive: 1;
  flex-grow: 1;
  text-overflow: ellipsis;
  opacity: 1;
}

.emotion-9 {
  display: -webkit-inline-box;
  display: -webkit-inline-flex;
  display: -ms-inline-flexbox;
  display: inline-flex;
  -webkit-flex-direction: column;
  -ms-flex-direction: column;
  flex-direction: column;
  position: relative;
  min-width: 0;
  padding: 0;
  margin: 0;
  border: 0;
  vertical-align: top;
  width: 100%;
  margin-top: 24px;
}

.emotion-10 {
  color: rgba(0, 0, 0, 0.6);
  font-family: "Roboto","Helvetica","Arial",sans-serif;
  font-weight: 400;
  font-size: 1rem;
  line-height: 1.4375em;
  letter-spacing: 0.00938em;
  padding: 0;
  position: relative;
  display: block;
  transform-origin: top left;
  white-space: nowrap;
  overflow: hidden;
  text-overflow: ellipsis;
  max-width: calc(100% - 24px);
  position: absolute;
  left: 0;
  top: 0;
  -webkit-transform: translate(14px, 16px) scale(1);
  -moz-transform: translate(14px, 16px) scale(1);
  -ms-transform: translate(14px, 16px) scale(1);
  transform: translate(14px, 16px) scale(1);
  -webkit-transition: color 200ms cubic-bezier(0.0, 0, 0.2, 1) 0ms,-webkit-transform 200ms cubic-bezier(0.0, 0, 0.2, 1) 0ms,max-width 200ms cubic-bezier(0.0, 0, 0.2, 1) 0ms;
  transition: color 200ms cubic-bezier(0.0, 0, 0.2, 1) 0ms,transform 200ms cubic-bezier(0.0, 0, 0.2, 1) 0ms,max-width 200ms cubic-bezier(0.0, 0, 0.2, 1) 0ms;
  z-index: 1;
  pointer-events: none;
}

.emotion-10.Mui-focused {
  color: #1976d2;
}

.emotion-10.Mui-disabled {
  color: rgba(0, 0, 0, 0.38);
}

.emotion-10.Mui-error {
  color: #d32f2f;
}

.emotion-11 {
  font-family: "Roboto","Helvetica","Arial",sans-serif;
  font-weight: 400;
  font-size: 1rem;
  line-height: 1.4375em;
  letter-spacing: 0.00938em;
  color: rgba(0, 0, 0, 0.87);
  box-sizing: border-box;
  position: relative;
  cursor: text;
  display: -webkit-inline-box;
  display: -webkit-inline-flex;
  display: -ms-inline-flexbox;
  display: inline-flex;
  -webkit-align-items: center;
  -webkit-box-align: center;
  -ms-flex-align: center;
  align-items: center;
  width: 100%;
  position: relative;
  border-radius: 4px;
  padding-right: 14px;
}

.emotion-11.Mui-disabled {
  color: rgba(0, 0, 0, 0.38);
  cursor: default;
}

.emotion-11:hover .MuiOutlinedInput-notchedOutline {
  border-color: rgba(0, 0, 0, 0.87);
}

@media (hover: none) {
  .emotion-11:hover .MuiOutlinedInput-notchedOutline {
    border-color: rgba(0, 0, 0, 0.23);
  }
}

.emotion-11.Mui-focused .MuiOutlinedInput-notchedOutline {
  border-color: #1976d2;
  border-width: 2px;
}

.emotion-11.Mui-error .MuiOutlinedInput-notchedOutline {
  border-color: #d32f2f;
}

.emotion-11.Mui-disabled .MuiOutlinedInput-notchedOutline {
  border-color: rgba(0, 0, 0, 0.26);
}

.emotion-12 {
  font: inherit;
  letter-spacing: inherit;
  color: currentColor;
  padding: 4px 0 5px;
  border: 0;
  box-sizing: content-box;
  background: none;
  height: 1.4375em;
  margin: 0;
  -webkit-tap-highlight-color: transparent;
  display: block;
  min-width: 0;
  width: 100%;
  -webkit-animation-name: mui-auto-fill-cancel;
  animation-name: mui-auto-fill-cancel;
  -webkit-animation-duration: 10ms;
  animation-duration: 10ms;
  padding: 16.5px 14px;
  padding-right: 0;
}

.emotion-12::-webkit-input-placeholder {
  color: currentColor;
  opacity: 0.42;
  -webkit-transition: opacity 200ms cubic-bezier(0.4, 0, 0.2, 1) 0ms;
  transition: opacity 200ms cubic-bezier(0.4, 0, 0.2, 1) 0ms;
}

.emotion-12::-moz-placeholder {
  color: currentColor;
  opacity: 0.42;
  -webkit-transition: opacity 200ms cubic-bezier(0.4, 0, 0.2, 1) 0ms;
  transition: opacity 200ms cubic-bezier(0.4, 0, 0.2, 1) 0ms;
}

.emotion-12:-ms-input-placeholder {
  color: currentColor;
  opacity: 0.42;
  -webkit-transition: opacity 200ms cubic-bezier(0.4, 0, 0.2, 1) 0ms;
  transition: opacity 200ms cubic-bezier(0.4, 0, 0.2, 1) 0ms;
}

.emotion-12::-ms-input-placeholder {
  color: currentColor;
  opacity: 0.42;
  -webkit-transition: opacity 200ms cubic-bezier(0.4, 0, 0.2, 1) 0ms;
  transition: opacity 200ms cubic-bezier(0.4, 0, 0.2, 1) 0ms;
}

.emotion-12:focus {
  outline: 0;
}

.emotion-12:invalid {
  box-shadow: none;
}

.emotion-12::-webkit-search-decoration {
  -webkit-appearance: none;
}

label[data-shrink=false]+.MuiInputBase-formControl .emotion-12::-webkit-input-placeholder {
  opacity: 0!important;
}

label[data-shrink=false]+.MuiInputBase-formControl .emotion-12::-moz-placeholder {
  opacity: 0!important;
}

label[data-shrink=false]+.MuiInputBase-formControl .emotion-12:-ms-input-placeholder {
  opacity: 0!important;
}

label[data-shrink=false]+.MuiInputBase-formControl .emotion-12::-ms-input-placeholder {
  opacity: 0!important;
}

label[data-shrink=false]+.MuiInputBase-formControl .emotion-12:focus::-webkit-input-placeholder {
  opacity: 0.42;
}

label[data-shrink=false]+.MuiInputBase-formControl .emotion-12:focus::-moz-placeholder {
  opacity: 0.42;
}

label[data-shrink=false]+.MuiInputBase-formControl .emotion-12:focus:-ms-input-placeholder {
  opacity: 0.42;
}

label[data-shrink=false]+.MuiInputBase-formControl .emotion-12:focus::-ms-input-placeholder {
  opacity: 0.42;
}

.emotion-12.Mui-disabled {
  opacity: 1;
  -webkit-text-fill-color: rgba(0, 0, 0, 0.38);
}

.emotion-12:-webkit-autofill {
  -webkit-animation-duration: 5000s;
  animation-duration: 5000s;
  -webkit-animation-name: mui-auto-fill;
  animation-name: mui-auto-fill;
}

.emotion-12:-webkit-autofill {
  border-radius: inherit;
}

.emotion-13 {
  position: absolute;
  right: 0;
  top: calc(50% - 14px);
}

.emotion-14 {
  display: -webkit-inline-box;
  display: -webkit-inline-flex;
  display: -ms-inline-flexbox;
  display: inline-flex;
  -webkit-align-items: center;
  -webkit-box-align: center;
  -ms-flex-align: center;
  align-items: center;
  -webkit-box-pack: center;
  -ms-flex-pack: center;
  -webkit-justify-content: center;
  justify-content: center;
  position: relative;
  box-sizing: border-box;
  -webkit-tap-highlight-color: transparent;
  background-color: transparent;
  outline: 0;
  border: 0;
  margin: 0;
  border-radius: 0;
  padding: 0;
  cursor: pointer;
  -webkit-user-select: none;
  -moz-user-select: none;
  -ms-user-select: none;
  user-select: none;
  vertical-align: middle;
  -moz-appearance: none;
  -webkit-appearance: none;
  -webkit-text-decoration: none;
  text-decoration: none;
  color: inherit;
  text-align: center;
  -webkit-flex: 0 0 auto;
  -ms-flex: 0 0 auto;
  flex: 0 0 auto;
  font-size: 1.5rem;
  padding: 8px;
  border-radius: 50%;
  overflow: visible;
  color: rgba(0, 0, 0, 0.54);
  -webkit-transition: background-color 150ms cubic-bezier(0.4, 0, 0.2, 1) 0ms;
  transition: background-color 150ms cubic-bezier(0.4, 0, 0.2, 1) 0ms;
  margin-right: -2px;
  padding: 4px;
  visibility: hidden;
}

.emotion-14::-moz-focus-inner {
  border-style: none;
}

.emotion-14.Mui-disabled {
  pointer-events: none;
  cursor: default;
}

@media print {
  .emotion-14 {
    -webkit-print-color-adjust: exact;
    color-adjust: exact;
  }
}

.emotion-14:hover {
  background-color: rgba(0, 0, 0, 0.04);
}

@media (hover: none) {
  .emotion-14:hover {
    background-color: transparent;
  }
}

.emotion-14.Mui-disabled {
  background-color: transparent;
  color: rgba(0, 0, 0, 0.26);
}

.emotion-15 {
  -webkit-user-select: none;
  -moz-user-select: none;
  -ms-user-select: none;
  user-select: none;
  width: 1em;
  height: 1em;
  display: inline-block;
  fill: currentColor;
  -webkit-flex-shrink: 0;
  -ms-flex-negative: 0;
  flex-shrink: 0;
  -webkit-transition: fill 200ms cubic-bezier(0.4, 0, 0.2, 1) 0ms;
  transition: fill 200ms cubic-bezier(0.4, 0, 0.2, 1) 0ms;
  font-size: 1.25rem;
}

.emotion-16 {
  overflow: hidden;
  pointer-events: none;
  position: absolute;
  z-index: 0;
  top: 0;
  right: 0;
  bottom: 0;
  left: 0;
  border-radius: inherit;
}

.emotion-17 {
  display: -webkit-inline-box;
  display: -webkit-inline-flex;
  display: -ms-inline-flexbox;
  display: inline-flex;
  -webkit-align-items: center;
  -webkit-box-align: center;
  -ms-flex-align: center;
  align-items: center;
  -webkit-box-pack: center;
  -ms-flex-pack: center;
  -webkit-justify-content: center;
  justify-content: center;
  position: relative;
  box-sizing: border-box;
  -webkit-tap-highlight-color: transparent;
  background-color: transparent;
  outline: 0;
  border: 0;
  margin: 0;
  border-radius: 0;
  padding: 0;
  cursor: pointer;
  -webkit-user-select: none;
  -moz-user-select: none;
  -ms-user-select: none;
  user-select: none;
  vertical-align: middle;
  -moz-appearance: none;
  -webkit-appearance: none;
  -webkit-text-decoration: none;
  text-decoration: none;
  color: inherit;
  text-align: center;
  -webkit-flex: 0 0 auto;
  -ms-flex: 0 0 auto;
  flex: 0 0 auto;
  font-size: 1.5rem;
  padding: 8px;
  border-radius: 50%;
  overflow: visible;
  color: rgba(0, 0, 0, 0.54);
  -webkit-transition: background-color 150ms cubic-bezier(0.4, 0, 0.2, 1) 0ms;
  transition: background-color 150ms cubic-bezier(0.4, 0, 0.2, 1) 0ms;
  padding: 2px;
  margin-right: -2px;
}

.emotion-17::-moz-focus-inner {
  border-style: none;
}

.emotion-17.Mui-disabled {
  pointer-events: none;
  cursor: default;
}

@media print {
  .emotion-17 {
    -webkit-print-color-adjust: exact;
    color-adjust: exact;
  }
}

.emotion-17:hover {
  background-color: rgba(0, 0, 0, 0.04);
}

@media (hover: none) {
  .emotion-17:hover {
    background-color: transparent;
  }
}

.emotion-17.Mui-disabled {
  background-color: transparent;
  color: rgba(0, 0, 0, 0.26);
}

.emotion-18 {
  -webkit-user-select: none;
  -moz-user-select: none;
  -ms-user-select: none;
  user-select: none;
  width: 1em;
  height: 1em;
  display: inline-block;
  fill: currentColor;
  -webkit-flex-shrink: 0;
  -ms-flex-negative: 0;
  flex-shrink: 0;
  -webkit-transition: fill 200ms cubic-bezier(0.4, 0, 0.2, 1) 0ms;
  transition: fill 200ms cubic-bezier(0.4, 0, 0.2, 1) 0ms;
  font-size: 1.5rem;
}

.emotion-20 {
  text-align: left;
  position: absolute;
  bottom: 0;
  right: 0;
  top: -5px;
  left: 0;
  margin: 0;
  padding: 0 8px;
  pointer-events: none;
  border-radius: inherit;
  border-style: solid;
  border-width: 1px;
  overflow: hidden;
  min-width: 0%;
  border-color: rgba(0, 0, 0, 0.23);
}

.emotion-21 {
  float: unset;
  width: auto;
  overflow: hidden;
  display: block;
  padding: 0;
  height: 11px;
  font-size: 0.75em;
  visibility: hidden;
  max-width: 0.01px;
  -webkit-transition: max-width 50ms cubic-bezier(0.0, 0, 0.2, 1) 0ms;
  transition: max-width 50ms cubic-bezier(0.0, 0, 0.2, 1) 0ms;
  white-space: nowrap;
}

.emotion-21>span {
  padding-left: 5px;
  padding-right: 5px;
  display: inline-block;
  opacity: 0;
  visibility: visible;
}

.emotion-22 {
  display: -webkit-inline-box;
  display: -webkit-inline-flex;
  display: -ms-inline-flexbox;
  display: inline-flex;
  -webkit-align-items: center;
  -webkit-box-align: center;
  -ms-flex-align: center;
  align-items: center;
  -webkit-box-pack: center;
  -ms-flex-pack: center;
  -webkit-justify-content: center;
  justify-content: center;
  position: relative;
  box-sizing: border-box;
  -webkit-tap-highlight-color: transparent;
  background-color: transparent;
  outline: 0;
  border: 0;
  margin: 0;
  border-radius: 0;
  padding: 0;
  cursor: pointer;
  -webkit-user-select: none;
  -moz-user-select: none;
  -ms-user-select: none;
  user-select: none;
  vertical-align: middle;
  -moz-appearance: none;
  -webkit-appearance: none;
  -webkit-text-decoration: none;
  text-decoration: none;
  color: inherit;
  font-family: "Roboto","Helvetica","Arial",sans-serif;
  font-weight: 500;
  font-size: 0.9375rem;
  line-height: 1.75;
  letter-spacing: 0.02857em;
  text-transform: uppercase;
  min-width: 64px;
  padding: 8px 22px;
  border-radius: 4px;
  -webkit-transition: background-color 250ms cubic-bezier(0.4, 0, 0.2, 1) 0ms,box-shadow 250ms cubic-bezier(0.4, 0, 0.2, 1) 0ms,border-color 250ms cubic-bezier(0.4, 0, 0.2, 1) 0ms,color 250ms cubic-bezier(0.4, 0, 0.2, 1) 0ms;
  transition: background-color 250ms cubic-bezier(0.4, 0, 0.2, 1) 0ms,box-shadow 250ms cubic-bezier(0.4, 0, 0.2, 1) 0ms,border-color 250ms cubic-bezier(0.4, 0, 0.2, 1) 0ms,color 250ms cubic-bezier(0.4, 0, 0.2, 1) 0ms;
  color: #fff;
  background-color: #1976d2;
  box-shadow: 0px 3px 1px -2px rgba(0,0,0,0.2),0px 2px 2px 0px rgba(0,0,0,0.14),0px 1px 5px 0px rgba(0,0,0,0.12);
  width: 100%;
  margin-top: 24px;
}

.emotion-22::-moz-focus-inner {
  border-style: none;
}

.emotion-22.Mui-disabled {
  pointer-events: none;
  cursor: default;
}

@media print {
  .emotion-22 {
    -webkit-print-color-adjust: exact;
    color-adjust: exact;
  }
}

.emotion-22:hover {
  -webkit-text-decoration: none;
  text-decoration: none;
  background-color: #1565c0;
  box-shadow: 0px 2px 4px -1px rgba(0,0,0,0.2),0px 4px 5px 0px rgba(0,0,0,0.14),0px 1px 10px 0px rgba(0,0,0,0.12);
}

@media (hover: none) {
  .emotion-22:hover {
    background-color: #1976d2;
  }
}

.emotion-22:active {
  box-shadow: 0px 5px 5px -3px rgba(0,0,0,0.2),0px 8px 10px 1px rgba(0,0,0,0.14),0px 3px 14px 2px rgba(0,0,0,0.12);
}

.emotion-22.Mui-focusVisible {
  box-shadow: 0px 3px 5px -1px rgba(0,0,0,0.2),0px 6px 10px 0px rgba(0,0,0,0.14),0px 1px 18px 0px rgba(0,0,0,0.12);
}

.emotion-22.Mui-disabled {
  color: rgba(0, 0, 0, 0.26);
  box-shadow: none;
  background-color: rgba(0, 0, 0, 0.12);
}

.emotion-22 .MuiLoadingButton-startIconLoadingStart,
.emotion-22 .MuiLoadingButton-endIconLoadingEnd {
  -webkit-transition: opacity 250ms cubic-bezier(0.4, 0, 0.2, 1) 0ms;
  transition: opacity 250ms cubic-bezier(0.4, 0, 0.2, 1) 0ms;
  opacity: 0;
  margin-left: -8px;
}

.emotion-22 .MuiLoadingButton-loadingIndicator {
  position: initial;
  -webkit-order: 1;
  -ms-flex-order: 1;
  order: 1;
  margin-left: 12px;
}

.emotion-22 .MuiLoadingButton-loading {
  background-color: #0074B8!important;
  color: #FFFFFF!important;
}

.emotion-23 {
  display: -webkit-inline-box;
  display: -webkit-inline-flex;
  display: -ms-inline-flexbox;
  display: inline-flex;
  -webkit-align-items: center;
  -webkit-box-align: center;
  -ms-flex-align: center;
  align-items: center;
  -webkit-box-pack: center;
  -ms-flex-pack: center;
  -webkit-justify-content: center;
  justify-content: center;
  position: relative;
  box-sizing: border-box;
  -webkit-tap-highlight-color: transparent;
  background-color: transparent;
  outline: 0;
  border: 0;
  margin: 0;
  border-radius: 0;
  padding: 0;
  cursor: pointer;
  -webkit-user-select: none;
  -moz-user-select: none;
  -ms-user-select: none;
  user-select: none;
  vertical-align: middle;
  -moz-appearance: none;
  -webkit-appearance: none;
  -webkit-text-decoration: none;
  text-decoration: none;
  color: inherit;
  font-family: "Roboto","Helvetica","Arial",sans-serif;
  font-weight: 500;
  font-size: 0.9375rem;
  line-height: 1.75;
  letter-spacing: 0.02857em;
  text-transform: uppercase;
  min-width: 64px;
  padding: 8px 11px;
  border-radius: 4px;
  -webkit-transition: background-color 250ms cubic-bezier(0.4, 0, 0.2, 1) 0ms,box-shadow 250ms cubic-bezier(0.4, 0, 0.2, 1) 0ms,border-color 250ms cubic-bezier(0.4, 0, 0.2, 1) 0ms,color 250ms cubic-bezier(0.4, 0, 0.2, 1) 0ms;
  transition: background-color 250ms cubic-bezier(0.4, 0, 0.2, 1) 0ms,box-shadow 250ms cubic-bezier(0.4, 0, 0.2, 1) 0ms,border-color 250ms cubic-bezier(0.4, 0, 0.2, 1) 0ms,color 250ms cubic-bezier(0.4, 0, 0.2, 1) 0ms;
  color: #1976d2;
  width: 100%;
  margin-top: 24px;
}

.emotion-23::-moz-focus-inner {
  border-style: none;
}

.emotion-23.Mui-disabled {
  pointer-events: none;
  cursor: default;
}

@media print {
  .emotion-23 {
    -webkit-print-color-adjust: exact;
    color-adjust: exact;
  }
}

.emotion-23:hover {
  -webkit-text-decoration: none;
  text-decoration: none;
  background-color: rgba(25, 118, 210, 0.04);
}

@media (hover: none) {
  .emotion-23:hover {
    background-color: transparent;
  }
}

.emotion-23.Mui-disabled {
  color: rgba(0, 0, 0, 0.26);
}

.emotion-25 {
  margin: 0;
  font-family: "Roboto","Helvetica","Arial",sans-serif;
  font-weight: 400;
  font-size: 0.875rem;
  line-height: 1.43;
  letter-spacing: 0.01071em;
  text-align: center;
  color: rgba(0, 0, 0, 0.6);
  margin-top: 20px;
}

<div
    class="MuiBox-root emotion-0"
  >
    <div
      class="MuiPaper-root MuiPaper-elevation MuiPaper-rounded MuiPaper-elevation1 emotion-1"
    >
      <a
        class="MuiTypography-root MuiTypography-inherit MuiLink-root MuiLink-underlineAlways emotion-2"
        data-testid="dispatch-health-logo"
        href="https://www.*company-data-covered*.com/"
      >
        <svg
          fill="none"
          height="20"
          viewBox="0 0 348 42"
          width="170"
          xmlns="http://www.w3.org/2000/svg"
        >
          <g
            clip-path="url(#clip0_2_2304)"
          >
            <g
              clip-path="url(#clip1_2_2304)"
            >
              <path
                d="M25.7069 1.06855V26.2614H28.2776V32.8081H18.6804V30.2716C17.138 32.2596 14.9786 33.2879 12.0651 33.2879C5.89546 33.2536 0 27.8723 0 20.6401C0 13.6135 5.75835 8.33505 11.8937 8.33505C14.4987 8.33505 16.7952 9.29477 18.6804 11.0771V7.58098H16.1097V1.06855H25.7069ZM18.886 20.6401C18.886 17.4867 16.3153 14.9846 13.0591 14.9846C9.80291 14.9846 7.30077 17.6924 7.30077 20.8115C7.30077 23.9991 9.97429 26.5698 13.0591 26.5698C16.3839 26.6041 18.886 23.7935 18.886 20.6401Z"
                fill="#EF3200"
              />
              <path
                d="M40.2057 8.84919V26.2614H42.7078V32.8081H30.6084V26.2614H33.1448V15.3273H30.6084V8.84919H40.2057ZM40.2057 7.58098H33.1448V1.06855H40.2057V7.58098Z"
                fill="#EF3200"
              />
              <path
                d="M58.2691 8.74636H62.9306V15.6701H56.5553C56.4182 14.2991 55.5613 13.545 54.156 13.545C52.8535 13.545 51.8937 14.2648 51.8937 15.2931C51.8937 16.6298 53.2991 17.2125 56.7267 18.0351C59.7772 18.7892 61.6967 19.7147 62.862 20.9143C64.0274 22.1482 64.6101 23.7249 64.6101 25.6101C64.6101 29.9974 61.1482 33.2879 55.9383 33.2879C53.3676 33.2879 51.5853 32.7052 49.8372 31.2314V32.7395H45.0043V25.8843H51.7566C52.0309 27.5296 52.9563 28.2494 54.7386 28.2494C56.3496 28.2494 57.138 27.3925 57.138 26.3299C57.138 25.1302 56.2811 24.5133 53.4362 23.7249L51.2082 23.108C49.8372 22.7652 48.7746 22.3539 47.7806 21.7369C45.8269 20.503 44.4216 18.6178 44.4216 15.8758C44.4216 11.3513 48.2262 8.33505 53.1277 8.33505C55.3556 8.33505 56.898 8.81491 58.2691 10.2545V8.74636Z"
                fill="#EF3200"
              />
              <path
                d="M81.988 33.2536C79.7601 33.2536 77.4636 32.7052 74.8929 30.5116V34.5219H77.4293V41H65.2956V34.5219H67.832V15.3273H65.2956V8.84919H74.8929V11.6255C76.4353 9.46615 78.6975 8.33505 81.5424 8.33505C88.0206 8.33505 93.6761 13.8877 93.6761 20.9143C93.6418 27.461 88.3976 33.2536 81.988 33.2536ZM86.4439 20.7772C86.4439 17.4524 83.7361 15.0189 80.4799 15.0189C77.2236 15.0189 74.6187 17.6924 74.6187 20.8458C74.6187 24.2734 77.4636 26.6041 80.5141 26.6041C83.8389 26.6041 86.4439 23.9649 86.4439 20.7772Z"
                fill="#EF3200"
              />
              <path
                d="M113.076 8.84919H122.674V15.3273H120.137V26.2614H122.674V32.8081H113.076V30.7515C111.534 32.5681 109.272 33.5621 106.495 33.5621C99.7429 33.5621 94.4644 27.5981 94.4644 20.9486C94.4644 13.922 100.017 8.09512 106.769 8.09512C109.443 8.09512 111.465 9.08912 113.076 11.1457V8.84919ZM113.111 20.7429C113.111 17.5895 110.608 15.0189 107.386 15.0189C104.165 15.0189 101.628 17.7266 101.628 20.88C101.628 24.1705 104.302 26.6041 107.386 26.6041C110.643 26.6041 113.111 23.8963 113.111 20.7429Z"
                fill="#EF3200"
              />
              <path
                d="M135.116 1.06855V8.84919H138.406V15.3273H135.116V26.2614H138.543V32.7738H128.055V15.3273H124.319V8.84919H128.055V1.06855H135.116Z"
                fill="#EF3200"
              />
              <path
                d="M157.224 8.84919H163.188V17.4524H156.607C155.407 15.9443 154.036 15.0189 152.048 15.0189C148.86 15.0189 146.632 17.7267 146.632 20.8458C146.632 24.102 149.066 26.6041 152.288 26.6041C154.036 26.6041 155.544 25.85 156.367 24.3762H164.182C162.571 29.7918 157.601 33.5279 152.048 33.5279C144.987 33.5279 139.469 27.6324 139.469 20.7772C139.469 13.8535 144.919 8.06084 151.465 8.06084C153.625 8.06084 155.51 8.81491 157.224 10.5973V8.84919Z"
                fill="#EF3200"
              />
              <path
                d="M174.327 1.06855V12.0026C175.938 9.56898 178.098 8.36932 180.908 8.36932C186.187 8.36932 189.443 12.8595 189.443 18.4807V26.2614H191.945V32.8081H182.348V20.1602C182.348 16.6641 181.045 15.2588 178.44 15.2588C175.733 15.2588 174.293 17.0411 174.293 20.0231V26.2271H176.829V32.7738H164.696V26.2614H167.232V7.58098H164.696V1.06855H174.327Z"
                fill="#EF3200"
              />
              <path
                d="M203.256 1.10283V13.2365C205.039 10.3573 207.369 8.74636 210.626 8.74636C213.093 8.74636 215.356 9.70608 217.001 11.6255C218.646 13.545 219.469 16.15 219.469 19.3719V28.7635H222.931V32.7395H211.757V28.7635H215.184V20.0231C215.184 17.5895 214.876 16.8355 214.396 15.91C213.368 14.0934 211.551 13.0308 209.357 13.0308C205.93 13.0308 203.29 15.3273 203.29 20.0917V28.7635H206.752V32.7395H195.578V28.7635H199.006V5.07883H195.578V1.10283H203.256Z"
                fill="#748491"
              />
              <path
                d="M247.404 22.5938H227.318C228.175 26.8783 231.397 29.5518 235.476 29.5518C238.355 29.5518 240.48 28.3865 242.125 25.9529H246.615C244.456 30.7515 240.24 33.3907 235.476 33.3907C228.723 33.3907 223.102 27.9752 223.102 21.0514C223.102 13.9563 228.689 8.60925 235.304 8.60925C241.851 8.60925 247.541 13.7164 247.541 21.12C247.541 21.6684 247.472 22.2853 247.404 22.5938ZM243.599 19.2691C242.674 15.156 239.314 12.4482 235.27 12.4482C231.74 12.4482 228.278 15.0189 227.318 19.2691H243.599Z"
                fill="#748491"
              />
              <path
                d="M270.231 9.2605H277.943V13.2365H274.584V28.7635H277.943V32.7395H270.231V28.7635C267.935 31.9512 265.261 33.2536 261.731 33.2536C255.081 33.2536 249.803 27.7009 249.803 21.1542C249.803 14.539 255.116 8.78063 261.902 8.78063C265.433 8.78063 268.003 10.1517 270.231 13.3393V9.2605ZM270.231 20.9143C270.231 16.6298 266.735 13.0308 262.108 13.0308C257.618 13.0308 254.122 16.6984 254.122 21.0514C254.122 25.4387 257.652 29.0034 262.108 29.0034C266.564 28.9692 270.231 25.4387 270.231 20.9143Z"
                fill="#748491"
              />
              <path
                d="M289.049 1.10283V28.7635H292.476V32.7395H281.097V28.7635H284.73V5.07883H281.268V1.10283H289.049Z"
                fill="#748491"
              />
              <path
                d="M300.6 1.10283V9.2605H305.124V13.2365H300.6V28.7635H305.433V32.7395H296.315V13.2365H292.236V9.2605H296.315V1.10283H300.6Z"
                fill="#748491"
              />
              <path
                d="M316.572 1.10283V13.2365C318.355 10.3573 320.685 8.74636 323.942 8.74636C326.41 8.74636 328.672 9.70608 330.317 11.6255C331.962 13.545 332.785 16.15 332.785 19.3719V28.7635H336.247V32.7395H325.073V28.7635H328.5V20.0231C328.5 17.5895 328.192 16.8355 327.712 15.91C326.684 14.0934 324.867 13.0308 322.674 13.0308C319.246 13.0308 316.607 15.3273 316.607 20.0917V28.7635H320.069V32.7395H308.895V28.7635H312.322V5.07883H308.895V1.10283H316.572Z"
                fill="#748491"
              />
              <path
                d="M347.592 6.62125C347.592 10.0146 345.159 12.2425 342.074 12.2425C338.989 12.2425 336.555 10.0146 336.555 6.62125C336.555 3.22793 338.989 1 342.074 1C345.159 1 347.592 3.22793 347.592 6.62125ZM337.926 6.62125C337.926 9.2605 339.777 11.0086 342.074 11.0086C344.336 11.0086 346.187 9.2605 346.187 6.62125C346.187 3.98201 344.336 2.23393 342.039 2.23393C339.777 2.19966 337.926 3.98201 337.926 6.62125ZM341.662 3.53642C342.896 3.53642 344.062 3.8449 344.062 5.35304C344.062 6.14139 343.65 6.75835 342.999 7.10111L343.205 7.47815C343.719 8.4036 344.13 9.02057 344.507 9.5347C344.576 9.63753 344.542 9.70608 344.165 9.70608H343.65C343.342 9.70608 343.239 9.70608 343.136 9.56898C342.931 9.32905 342.622 8.84919 342.074 7.82091L341.799 7.30677H341.32V9.56898C341.32 9.67181 341.182 9.70608 340.737 9.70608H340.6C340.12 9.70608 340.051 9.70608 340.051 9.56898V3.67352C340.051 3.57069 340.086 3.53642 340.428 3.53642H341.662ZM341.285 6.31277H341.697C342.108 6.31277 342.382 6.20994 342.554 6.03856C342.725 5.86718 342.793 5.66153 342.793 5.38732C342.793 5.11311 342.725 4.94173 342.588 4.80463C342.416 4.63325 342.108 4.5647 341.662 4.5647H341.285V6.31277Z"
                fill="#748491"
              />
            </g>
          </g>
          <defs>
            <clippath
              id="clip0_2_2304"
            >
              <rect
                fill="white"
                height="41.1866"
                width="347.59"
              />
            </clippath>
            <clippath
              id="clip1_2_2304"
            >
              <rect
                fill="white"
                height="40"
                width="347.592"
              />
            </clippath>
          </defs>
        </svg>
      </a>
    </div>
    <span
      aria-valuemax="100"
      aria-valuemin="0"
      aria-valuenow="10"
      class="MuiLinearProgress-root MuiLinearProgress-colorPrimary MuiLinearProgress-determinate emotion-3"
      data-testid="request-progress-bar"
      role="progressbar"
    >
      <span
        class="MuiLinearProgress-bar MuiLinearProgress-barColorPrimary MuiLinearProgress-bar1Determinate emotion-4"
        style="transform: translateX(-90%);"
      />
    </span>
    <div
      class="MuiContainer-root MuiContainer-maxWidthSm emotion-5"
    >
      <h4
        class="MuiTypography-root MuiTypography-h4 emotion-6"
        data-testid="requesting-help-header"
      >
        What can we help with today?
      </h4>
      <p
        class="MuiFormHelperText-root emotion-7"
        data-testid="question-header"
      >
        Please enter the primary reason for your care visit today.
      </p>
      <div
        class="MuiAutocomplete-root MuiAutocomplete-hasClearIcon MuiAutocomplete-hasPopupIcon emotion-8"
        data-testid="symptom-request-autocomplete"
      >
        <div
          class="MuiFormControl-root MuiFormControl-fullWidth MuiTextField-root emotion-9"
        >
          <label
            class="MuiFormLabel-root MuiInputLabel-root MuiInputLabel-formControl MuiInputLabel-animated MuiInputLabel-outlined MuiFormLabel-colorPrimary MuiInputLabel-root MuiInputLabel-formControl MuiInputLabel-animated MuiInputLabel-outlined emotion-10"
            data-shrink="false"
            for=":r0:"
            id=":r0:-label"
          >
            Enter a symptom
          </label>
          <div
            class="MuiInputBase-root MuiOutlinedInput-root MuiInputBase-colorPrimary MuiInputBase-fullWidth MuiInputBase-formControl MuiInputBase-adornedEnd MuiAutocomplete-inputRoot emotion-11"
          >
            <input
              aria-autocomplete="list"
              aria-expanded="false"
              aria-invalid="false"
              autocapitalize="none"
              autocomplete="off"
              class="MuiInputBase-input MuiOutlinedInput-input MuiInputBase-inputAdornedEnd MuiAutocomplete-input MuiAutocomplete-inputFocused emotion-12"
              id=":r0:"
              role="combobox"
              spellcheck="false"
              type="text"
              value=""
            />
            <div
              class="MuiAutocomplete-endAdornment emotion-13"
            >
              <button
                aria-label="Clear"
                class="MuiButtonBase-root MuiIconButton-root MuiIconButton-sizeMedium MuiAutocomplete-clearIndicator emotion-14"
                tabindex="-1"
                title="Clear"
                type="button"
              >
                <svg
                  aria-hidden="true"
                  class="MuiSvgIcon-root MuiSvgIcon-fontSizeSmall emotion-15"
                  data-testid="CloseIcon"
                  focusable="false"
                  viewBox="0 0 24 24"
                >
                  <path
                    d="M19 6.41L17.59 5 12 10.59 6.41 5 5 6.41 10.59 12 5 17.59 6.41 19 12 13.41 17.59 19 19 17.59 13.41 12z"
                  />
                </svg>
                <span
                  class="MuiTouchRipple-root emotion-16"
                />
              </button>
              <button
                aria-label="Open"
                class="MuiButtonBase-root MuiIconButton-root MuiIconButton-sizeMedium MuiAutocomplete-popupIndicator emotion-17"
                tabindex="-1"
                title="Open"
                type="button"
              >
                <svg
                  aria-hidden="true"
                  class="MuiSvgIcon-root MuiSvgIcon-fontSizeMedium emotion-18"
                  data-testid="ArrowDropDownIcon"
                  focusable="false"
                  viewBox="0 0 24 24"
                >
                  <path
                    d="M7 10l5 5 5-5z"
                  />
                </svg>
                <span
                  class="MuiTouchRipple-root emotion-16"
                />
              </button>
            </div>
            <fieldset
              aria-hidden="true"
              class="MuiOutlinedInput-notchedOutline emotion-20"
            >
              <legend
                class="emotion-21"
              >
                <span>
                  Enter a symptom
                </span>
              </legend>
            </fieldset>
          </div>
        </div>
      </div>
      <button
        class="MuiButtonBase-root MuiButton-root MuiLoadingButton-root MuiButton-contained MuiButton-containedPrimary MuiButton-sizeLarge MuiButton-containedSizeLarge MuiButton-fullWidth Mui-disabled MuiButton-root MuiLoadingButton-root MuiButton-contained MuiButton-containedPrimary MuiButton-sizeLarge MuiButton-containedSizeLarge MuiButton-fullWidth emotion-22"
        data-testid="submit-button"
        disabled=""
        id=":r2:"
        tabindex="-1"
        type="button"
      >
        Continue
      </button>
      <button
        class="MuiButtonBase-root MuiButton-root MuiButton-text MuiButton-textPrimary MuiButton-sizeLarge MuiButton-textSizeLarge MuiButton-fullWidth MuiButton-root MuiButton-text MuiButton-textPrimary MuiButton-sizeLarge MuiButton-textSizeLarge MuiButton-fullWidth emotion-23"
        data-testid="custom-symptom-input-btn"
        tabindex="0"
        type="button"
      >
        My symptom isn’t on this list
        <span
          class="MuiTouchRipple-root emotion-16"
        />
      </button>
      <p
        class="MuiTypography-root MuiTypography-body2 emotion-25"
        data-testid="emergency-info-footer"
      >
        If this is an emergency, please call 911.
      </p>
    </div>
  </div>
</DocumentFragment>
`;
