// Jest Snapshot v1, https://goo.gl/fbAQLP

exports[`<RequestPreferredTime /> RequestPreferredTime snapshot 1`] = `
<DocumentFragment>
  .emotion-0 {
  background-color: #fff;
  color: rgba(0, 0, 0, 0.87);
  -webkit-transition: box-shadow 300ms cubic-bezier(0.4, 0, 0.2, 1) 0ms;
  transition: box-shadow 300ms cubic-bezier(0.4, 0, 0.2, 1) 0ms;
  border-radius: 4px;
  box-shadow: none;
  font-family: "Roboto","Helvetica","Arial",sans-serif;
  font-weight: 400;
  font-size: 0.875rem;
  line-height: 1.43;
  letter-spacing: 0.01071em;
  background-color: rgb(255, 244, 229);
  display: -webkit-box;
  display: -webkit-flex;
  display: -ms-flexbox;
  display: flex;
  padding: 6px 16px;
  color: rgb(102, 60, 0);
  margin-top: 24px;
}

.emotion-0 .MuiAlert-icon {
  color: #ff9800;
}

.emotion-1 {
  margin-right: 12px;
  padding: 7px 0;
  display: -webkit-box;
  display: -webkit-flex;
  display: -ms-flexbox;
  display: flex;
  font-size: 22px;
  opacity: 0.9;
}

.emotion-2 {
  -webkit-user-select: none;
  -moz-user-select: none;
  -ms-user-select: none;
  user-select: none;
  width: 1em;
  height: 1em;
  display: inline-block;
  fill: currentColor;
  -webkit-flex-shrink: 0;
  -ms-flex-negative: 0;
  flex-shrink: 0;
  -webkit-transition: fill 200ms cubic-bezier(0.4, 0, 0.2, 1) 0ms;
  transition: fill 200ms cubic-bezier(0.4, 0, 0.2, 1) 0ms;
  font-size: inherit;
}

.emotion-3 {
  padding: 8px 0;
  min-width: 0;
  overflow: auto;
}

<div
    class="MuiPaper-root MuiPaper-elevation MuiPaper-rounded MuiPaper-elevation0 MuiAlert-root MuiAlert-standardWarning MuiAlert-standard emotion-0"
    data-testid="preferred-time-windows-alert"
    role="alert"
  >
    <div
      class="MuiAlert-icon emotion-1"
    >
      <svg
        aria-hidden="true"
        class="MuiSvgIcon-root MuiSvgIcon-fontSizeInherit emotion-2"
        data-testid="ReportProblemOutlinedIcon"
        focusable="false"
        viewBox="0 0 24 24"
      >
        <path
          d="M12 5.99L19.53 19H4.47L12 5.99M12 2L1 21h22L12 2zm1 14h-2v2h2v-2zm0-6h-2v4h2v-4z"
        />
      </svg>
    </div>
    <div
      class="MuiAlert-message emotion-3"
    >
      Appointments are booking fast! Select your preferred time window for a visit.
    </div>
  </div>
  .emotion-0 {
  margin: 0;
  font-family: "Roboto","Helvetica","Arial",sans-serif;
  font-weight: 400;
  font-size: 1.5rem;
  line-height: 1.334;
  letter-spacing: 0em;
  margin-top: 24px;
}

<h5
    class="MuiTypography-root MuiTypography-h5 emotion-0"
    data-testid="preferred-time-windows-today-options-header"
  >
    Today (4/30)
  </h5>
  .emotion-0 {
  display: -webkit-inline-box;
  display: -webkit-inline-flex;
  display: -ms-inline-flexbox;
  display: inline-flex;
  border-radius: 4px;
  -webkit-flex-direction: column;
  -ms-flex-direction: column;
  flex-direction: column;
  width: 100%;
}

.emotion-0 .MuiToggleButtonGroup-grouped:not(:first-of-type) {
  margin-top: -1px;
  border-top: 1px solid transparent;
  border-top-left-radius: 0;
  border-top-right-radius: 0;
}

.emotion-0 .MuiToggleButtonGroup-grouped:not(:last-of-type) {
  border-bottom-left-radius: 0;
  border-bottom-right-radius: 0;
}

.emotion-0 .MuiToggleButtonGroup-grouped.Mui-selected+.MuiToggleButtonGroup-grouped.Mui-selected {
  border-top: 0;
  margin-top: 0;
}

.emotion-0 .MuiToggleButtonGroup-grouped {
  margin-top: 12px;
  margin-bottom: 12px;
}

.emotion-0 .MuiToggleButtonGroup-grouped:not(:first-of-type),
.emotion-0 .MuiToggleButtonGroup-grouped:first-of-type {
  border-radius: 4px;
  border: 1px solid;
}

.emotion-0 .MuiToggleButtonGroup-grouped.Mui-selected,
.emotion-0 .MuiToggleButtonGroup-grouped.Mui-selected:hover {
  background-color: rgba(25, 118, 210, 0.08);
  border-color: #1976d2;
  color: #1976d2;
}

.emotion-1 {
  display: -webkit-inline-box;
  display: -webkit-inline-flex;
  display: -ms-inline-flexbox;
  display: inline-flex;
  -webkit-align-items: center;
  -webkit-box-align: center;
  -ms-flex-align: center;
  align-items: center;
  -webkit-box-pack: center;
  -ms-flex-pack: center;
  -webkit-justify-content: center;
  justify-content: center;
  position: relative;
  box-sizing: border-box;
  -webkit-tap-highlight-color: transparent;
  background-color: transparent;
  outline: 0;
  border: 0;
  margin: 0;
  border-radius: 0;
  padding: 0;
  cursor: pointer;
  -webkit-user-select: none;
  -moz-user-select: none;
  -ms-user-select: none;
  user-select: none;
  vertical-align: middle;
  -moz-appearance: none;
  -webkit-appearance: none;
  -webkit-text-decoration: none;
  text-decoration: none;
  color: inherit;
  font-family: "Roboto","Helvetica","Arial",sans-serif;
  font-weight: 500;
  font-size: 0.875rem;
  line-height: 1.75;
  letter-spacing: 0.02857em;
  text-transform: uppercase;
  border-radius: 4px;
  padding: 11px;
  border: 1px solid rgba(0, 0, 0, 0.12);
  color: rgba(0, 0, 0, 0.54);
  width: 100%;
}

.emotion-1::-moz-focus-inner {
  border-style: none;
}

.emotion-1.Mui-disabled {
  pointer-events: none;
  cursor: default;
}

@media print {
  .emotion-1 {
    -webkit-print-color-adjust: exact;
    color-adjust: exact;
  }
}

.emotion-1.Mui-disabled {
  color: rgba(0, 0, 0, 0.26);
  border: 1px solid rgba(0, 0, 0, 0.12);
}

.emotion-1:hover {
  -webkit-text-decoration: none;
  text-decoration: none;
  background-color: rgba(0, 0, 0, 0.04);
}

@media (hover: none) {
  .emotion-1:hover {
    background-color: transparent;
  }
}

.emotion-1.Mui-selected {
  color: rgba(0, 0, 0, 0.87);
  background-color: rgba(0, 0, 0, 0.08);
}

.emotion-1.Mui-selected:hover {
  background-color: rgba(0, 0, 0, 0.12);
}

@media (hover: none) {
  .emotion-1.Mui-selected:hover {
    background-color: rgba(0, 0, 0, 0.08);
  }
}

.emotion-2 {
  overflow: hidden;
  pointer-events: none;
  position: absolute;
  z-index: 0;
  top: 0;
  right: 0;
  bottom: 0;
  left: 0;
  border-radius: inherit;
}

<div
    class="MuiToggleButtonGroup-root MuiToggleButtonGroup-vertical MuiToggleButtonGroup-fullWidth emotion-0"
    data-testid="preferred-time-windows-today-options-group"
    role="group"
  >
    <button
      aria-pressed="false"
      class="MuiButtonBase-root MuiToggleButton-root MuiToggleButton-fullWidth MuiToggleButton-sizeMedium MuiToggleButton-standard MuiToggleButtonGroup-grouped MuiToggleButtonGroup-groupedVertical emotion-1"
      tabindex="0"
      type="button"
      value="[object Object]"
    >
      Morning (7am-12pm)
      <span
        class="MuiTouchRipple-root emotion-2"
      />
    </button>
    <button
      aria-pressed="false"
      class="MuiButtonBase-root MuiToggleButton-root MuiToggleButton-fullWidth MuiToggleButton-sizeMedium MuiToggleButton-standard MuiToggleButtonGroup-grouped MuiToggleButtonGroup-groupedVertical emotion-1"
      tabindex="0"
      type="button"
      value="[object Object]"
    >
      Afternoon (12-5pm)
      <span
        class="MuiTouchRipple-root emotion-2"
      />
    </button>
    <button
      aria-pressed="false"
      class="MuiButtonBase-root MuiToggleButton-root MuiToggleButton-fullWidth MuiToggleButton-sizeMedium MuiToggleButton-standard MuiToggleButtonGroup-grouped MuiToggleButtonGroup-groupedVertical emotion-1"
      tabindex="0"
      type="button"
      value="[object Object]"
    >
      Evening (5-10pm)
      <span
        class="MuiTouchRipple-root emotion-2"
      />
    </button>
  </div>
  .emotion-0 {
  margin: 0;
  font-family: "Roboto","Helvetica","Arial",sans-serif;
  font-weight: 400;
  font-size: 1.5rem;
  line-height: 1.334;
  letter-spacing: 0em;
  margin-top: 32px;
}

<h5
    class="MuiTypography-root MuiTypography-h5 emotion-0"
    data-testid="preferred-time-windows-tomorrow-options-header"
  >
    Tomorrow (5/01)
  </h5>
  .emotion-0 {
  display: -webkit-inline-box;
  display: -webkit-inline-flex;
  display: -ms-inline-flexbox;
  display: inline-flex;
  border-radius: 4px;
  -webkit-flex-direction: column;
  -ms-flex-direction: column;
  flex-direction: column;
  width: 100%;
}

.emotion-0 .MuiToggleButtonGroup-grouped:not(:first-of-type) {
  margin-top: -1px;
  border-top: 1px solid transparent;
  border-top-left-radius: 0;
  border-top-right-radius: 0;
}

.emotion-0 .MuiToggleButtonGroup-grouped:not(:last-of-type) {
  border-bottom-left-radius: 0;
  border-bottom-right-radius: 0;
}

.emotion-0 .MuiToggleButtonGroup-grouped.Mui-selected+.MuiToggleButtonGroup-grouped.Mui-selected {
  border-top: 0;
  margin-top: 0;
}

.emotion-0 .MuiToggleButtonGroup-grouped {
  margin-top: 12px;
  margin-bottom: 12px;
}

.emotion-0 .MuiToggleButtonGroup-grouped:not(:first-of-type),
.emotion-0 .MuiToggleButtonGroup-grouped:first-of-type {
  border-radius: 4px;
  border: 1px solid;
}

.emotion-0 .MuiToggleButtonGroup-grouped.Mui-selected,
.emotion-0 .MuiToggleButtonGroup-grouped.Mui-selected:hover {
  background-color: rgba(25, 118, 210, 0.08);
  border-color: #1976d2;
  color: #1976d2;
}

.emotion-1 {
  display: -webkit-inline-box;
  display: -webkit-inline-flex;
  display: -ms-inline-flexbox;
  display: inline-flex;
  -webkit-align-items: center;
  -webkit-box-align: center;
  -ms-flex-align: center;
  align-items: center;
  -webkit-box-pack: center;
  -ms-flex-pack: center;
  -webkit-justify-content: center;
  justify-content: center;
  position: relative;
  box-sizing: border-box;
  -webkit-tap-highlight-color: transparent;
  background-color: transparent;
  outline: 0;
  border: 0;
  margin: 0;
  border-radius: 0;
  padding: 0;
  cursor: pointer;
  -webkit-user-select: none;
  -moz-user-select: none;
  -ms-user-select: none;
  user-select: none;
  vertical-align: middle;
  -moz-appearance: none;
  -webkit-appearance: none;
  -webkit-text-decoration: none;
  text-decoration: none;
  color: inherit;
  font-family: "Roboto","Helvetica","Arial",sans-serif;
  font-weight: 500;
  font-size: 0.875rem;
  line-height: 1.75;
  letter-spacing: 0.02857em;
  text-transform: uppercase;
  border-radius: 4px;
  padding: 11px;
  border: 1px solid rgba(0, 0, 0, 0.12);
  color: rgba(0, 0, 0, 0.54);
  width: 100%;
}

.emotion-1::-moz-focus-inner {
  border-style: none;
}

.emotion-1.Mui-disabled {
  pointer-events: none;
  cursor: default;
}

@media print {
  .emotion-1 {
    -webkit-print-color-adjust: exact;
    color-adjust: exact;
  }
}

.emotion-1.Mui-disabled {
  color: rgba(0, 0, 0, 0.26);
  border: 1px solid rgba(0, 0, 0, 0.12);
}

.emotion-1:hover {
  -webkit-text-decoration: none;
  text-decoration: none;
  background-color: rgba(0, 0, 0, 0.04);
}

@media (hover: none) {
  .emotion-1:hover {
    background-color: transparent;
  }
}

.emotion-1.Mui-selected {
  color: rgba(0, 0, 0, 0.87);
  background-color: rgba(0, 0, 0, 0.08);
}

.emotion-1.Mui-selected:hover {
  background-color: rgba(0, 0, 0, 0.12);
}

@media (hover: none) {
  .emotion-1.Mui-selected:hover {
    background-color: rgba(0, 0, 0, 0.08);
  }
}

.emotion-2 {
  overflow: hidden;
  pointer-events: none;
  position: absolute;
  z-index: 0;
  top: 0;
  right: 0;
  bottom: 0;
  left: 0;
  border-radius: inherit;
}

<div
    class="MuiToggleButtonGroup-root MuiToggleButtonGroup-vertical MuiToggleButtonGroup-fullWidth emotion-0"
    data-testid="preferred-time-windows-tomorrow-options-group"
    role="group"
  >
    <button
      aria-pressed="false"
      class="MuiButtonBase-root MuiToggleButton-root MuiToggleButton-fullWidth MuiToggleButton-sizeMedium MuiToggleButton-standard MuiToggleButtonGroup-grouped MuiToggleButtonGroup-groupedVertical emotion-1"
      tabindex="0"
      type="button"
      value="[object Object]"
    >
      Morning (7am-12pm)
      <span
        class="MuiTouchRipple-root emotion-2"
      />
    </button>
    <button
      aria-pressed="false"
      class="MuiButtonBase-root MuiToggleButton-root MuiToggleButton-fullWidth MuiToggleButton-sizeMedium MuiToggleButton-standard MuiToggleButtonGroup-grouped MuiToggleButtonGroup-groupedVertical emotion-1"
      tabindex="0"
      type="button"
      value="[object Object]"
    >
      Afternoon (12-5pm)
      <span
        class="MuiTouchRipple-root emotion-2"
      />
    </button>
    <button
      aria-pressed="false"
      class="MuiButtonBase-root MuiToggleButton-root MuiToggleButton-fullWidth MuiToggleButton-sizeMedium MuiToggleButton-standard MuiToggleButtonGroup-grouped MuiToggleButtonGroup-groupedVertical emotion-1"
      tabindex="0"
      type="button"
      value="[object Object]"
    >
      Evening (5-10pm)
      <span
        class="MuiTouchRipple-root emotion-2"
      />
    </button>
  </div>
</DocumentFragment>
`;
