// Jest Snapshot v1, https://goo.gl/fbAQLP

exports[`should render all components 1`] = `
<DocumentFragment>
  .emotion-0 {
  background-color: #FEFEFE;
  color: #1E2930;
  -webkit-transition: box-shadow 300ms cubic-bezier(0.4, 0, 0.2, 1) 0ms;
  transition: box-shadow 300ms cubic-bezier(0.4, 0, 0.2, 1) 0ms;
  border-radius: 6px;
  box-shadow: none;
  font-weight: 400;
  font-size: 0.875rem;
  line-height: 1.6;
  letter-spacing: 0.016rem;
  font-family: Open Sans,Segoe UI,Tahoma,sans-serif;
  background-color: rgb(255, 245, 242);
  display: -webkit-box;
  display: -webkit-flex;
  display: -ms-flexbox;
  display: flex;
  padding: 6px 16px;
  color: rgb(102, 63, 52);
  border-left: 8px solid;
  padding-left: 12px;
  color: #1E2930;
  background-color: rgb(250, 233, 229);
  border-color: #D52C00;
}

.emotion-0 .MuiAlert-icon {
  color: #FF9E84;
}

.emotion-0 .MuiAlert-icon {
  color: #1E2930;
}

.emotion-1 {
  margin-right: 12px;
  padding: 7px 0;
  display: -webkit-box;
  display: -webkit-flex;
  display: -ms-flexbox;
  display: flex;
  font-size: 22px;
  opacity: 0.9;
}

.emotion-2 {
  -webkit-user-select: none;
  -moz-user-select: none;
  -ms-user-select: none;
  user-select: none;
  width: 1em;
  height: 1em;
  display: inline-block;
  fill: currentColor;
  -webkit-flex-shrink: 0;
  -ms-flex-negative: 0;
  flex-shrink: 0;
  -webkit-transition: fill 200ms cubic-bezier(0.4, 0, 0.2, 1) 0ms;
  transition: fill 200ms cubic-bezier(0.4, 0, 0.2, 1) 0ms;
  font-size: inherit;
}

.emotion-3 {
  padding: 8px 0;
  min-width: 0;
  overflow: auto;
}

<div
    class="MuiPaper-root MuiPaper-elevation MuiPaper-rounded MuiPaper-elevation0 MuiAlert-root MuiAlert-standardError MuiAlert-standard emotion-0"
    role="alert"
  >
    <div
      class="MuiAlert-icon emotion-1"
    >
      <svg
        aria-hidden="true"
        class="MuiSvgIcon-root MuiSvgIcon-fontSizeInherit emotion-2"
        data-testid="ErrorOutlineIcon"
        focusable="false"
        viewBox="0 0 24 24"
      >
        <path
          d="M11 15h2v2h-2zm0-8h2v6h-2zm.99-5C6.47 2 2 6.48 2 12s4.47 10 9.99 10C17.52 22 22 17.52 22 12S17.52 2 11.99 2zM12 20c-4.42 0-8-3.58-8-8s3.58-8 8-8 8 3.58 8 8-3.58 8-8 8z"
        />
      </svg>
    </div>
    <div
      class="MuiAlert-message emotion-3"
    >
      This is an error alert — check it out!
    </div>
  </div>
  .emotion-0 {
  background-color: #FEFEFE;
  color: #1E2930;
  -webkit-transition: box-shadow 300ms cubic-bezier(0.4, 0, 0.2, 1) 0ms;
  transition: box-shadow 300ms cubic-bezier(0.4, 0, 0.2, 1) 0ms;
  border-radius: 6px;
  box-shadow: none;
  font-weight: 400;
  font-size: 0.875rem;
  line-height: 1.6;
  letter-spacing: 0.016rem;
  font-family: Open Sans,Segoe UI,Tahoma,sans-serif;
  background-color: rgb(255, 245, 242);
  display: -webkit-box;
  display: -webkit-flex;
  display: -ms-flexbox;
  display: flex;
  padding: 6px 16px;
  color: rgb(102, 63, 52);
  border-left: 8px solid;
  padding-left: 12px;
  color: #1E2930;
  background-color: rgb(250, 233, 229);
  border-color: #D52C00;
}

.emotion-0 .MuiAlert-icon {
  color: #FF9E84;
}

.emotion-0 .MuiAlert-icon {
  color: #1E2930;
}

.emotion-1 {
  margin-right: 12px;
  padding: 7px 0;
  display: -webkit-box;
  display: -webkit-flex;
  display: -ms-flexbox;
  display: flex;
  font-size: 22px;
  opacity: 0.9;
}

.emotion-2 {
  -webkit-user-select: none;
  -moz-user-select: none;
  -ms-user-select: none;
  user-select: none;
  width: 1em;
  height: 1em;
  display: inline-block;
  fill: currentColor;
  -webkit-flex-shrink: 0;
  -ms-flex-negative: 0;
  flex-shrink: 0;
  -webkit-transition: fill 200ms cubic-bezier(0.4, 0, 0.2, 1) 0ms;
  transition: fill 200ms cubic-bezier(0.4, 0, 0.2, 1) 0ms;
  font-size: inherit;
}

.emotion-3 {
  padding: 8px 0;
  min-width: 0;
  overflow: auto;
}

<div
    class="MuiPaper-root MuiPaper-elevation MuiPaper-rounded MuiPaper-elevation0 MuiAlert-root MuiAlert-standardError MuiAlert-standard emotion-0"
    role="alert"
  >
    <div
      class="MuiAlert-icon emotion-1"
    >
      <svg
        aria-hidden="true"
        class="MuiSvgIcon-root MuiSvgIcon-fontSizeInherit emotion-2"
        data-testid="ErrorOutlineIcon"
        focusable="false"
        viewBox="0 0 24 24"
      >
        <path
          d="M11 15h2v2h-2zm0-8h2v6h-2zm.99-5C6.47 2 2 6.48 2 12s4.47 10 9.99 10C17.52 22 22 17.52 22 12S17.52 2 11.99 2zM12 20c-4.42 0-8-3.58-8-8s3.58-8 8-8 8 3.58 8 8-3.58 8-8 8z"
        />
      </svg>
    </div>
    <div
      class="MuiAlert-message emotion-3"
    >
      This is an error alert — check it out!
    </div>
  </div>
  .emotion-0 {
  background-color: #FEFEFE;
  color: #1E2930;
  -webkit-transition: box-shadow 300ms cubic-bezier(0.4, 0, 0.2, 1) 0ms;
  transition: box-shadow 300ms cubic-bezier(0.4, 0, 0.2, 1) 0ms;
  border-radius: 6px;
  box-shadow: none;
  font-weight: 400;
  font-size: 0.875rem;
  line-height: 1.6;
  letter-spacing: 0.016rem;
  font-family: Open Sans,Segoe UI,Tahoma,sans-serif;
  background-color: rgb(255, 252, 248);
  display: -webkit-box;
  display: -webkit-flex;
  display: -ms-flexbox;
  display: flex;
  padding: 6px 16px;
  color: rgb(102, 93, 74);
  border-left: 8px solid;
  padding-left: 12px;
  color: #1E2930;
  background-color: rgb(253, 246, 231);
  border-color: #EBAC17;
}

.emotion-0 .MuiAlert-icon {
  color: #FFEAB9;
}

.emotion-0 .MuiAlert-icon {
  color: #1E2930;
}

.emotion-1 {
  margin-right: 12px;
  padding: 7px 0;
  display: -webkit-box;
  display: -webkit-flex;
  display: -ms-flexbox;
  display: flex;
  font-size: 22px;
  opacity: 0.9;
}

.emotion-2 {
  -webkit-user-select: none;
  -moz-user-select: none;
  -ms-user-select: none;
  user-select: none;
  width: 1em;
  height: 1em;
  display: inline-block;
  fill: currentColor;
  -webkit-flex-shrink: 0;
  -ms-flex-negative: 0;
  flex-shrink: 0;
  -webkit-transition: fill 200ms cubic-bezier(0.4, 0, 0.2, 1) 0ms;
  transition: fill 200ms cubic-bezier(0.4, 0, 0.2, 1) 0ms;
  font-size: inherit;
}

.emotion-3 {
  padding: 8px 0;
  min-width: 0;
  overflow: auto;
}

<div
    class="MuiPaper-root MuiPaper-elevation MuiPaper-rounded MuiPaper-elevation0 MuiAlert-root MuiAlert-standardWarning MuiAlert-standard emotion-0"
    role="alert"
  >
    <div
      class="MuiAlert-icon emotion-1"
    >
      <svg
        aria-hidden="true"
        class="MuiSvgIcon-root MuiSvgIcon-fontSizeInherit emotion-2"
        data-testid="ReportProblemOutlinedIcon"
        focusable="false"
        viewBox="0 0 24 24"
      >
        <path
          d="M12 5.99L19.53 19H4.47L12 5.99M12 2L1 21h22L12 2zm1 14h-2v2h2v-2zm0-6h-2v4h2v-4z"
        />
      </svg>
    </div>
    <div
      class="MuiAlert-message emotion-3"
    >
      This is a warning alert — check it out!
    </div>
  </div>
  .emotion-0 {
  background-color: #FEFEFE;
  color: #1E2930;
  -webkit-transition: box-shadow 300ms cubic-bezier(0.4, 0, 0.2, 1) 0ms;
  transition: box-shadow 300ms cubic-bezier(0.4, 0, 0.2, 1) 0ms;
  border-radius: 6px;
  box-shadow: none;
  font-weight: 400;
  font-size: 0.875rem;
  line-height: 1.6;
  letter-spacing: 0.016rem;
  font-family: Open Sans,Segoe UI,Tahoma,sans-serif;
  background-color: rgb(229, 249, 249);
  display: -webkit-box;
  display: -webkit-flex;
  display: -ms-flexbox;
  display: flex;
  padding: 6px 16px;
  color: rgb(0, 81, 79);
  border-left: 8px solid;
  padding-left: 12px;
  color: #1E2930;
  background-color: rgb(229, 241, 241);
  border-color: #007C79;
}

.emotion-0 .MuiAlert-icon {
  color: #00CCC7;
}

.emotion-0 .MuiAlert-icon {
  color: #1E2930;
}

.emotion-1 {
  margin-right: 12px;
  padding: 7px 0;
  display: -webkit-box;
  display: -webkit-flex;
  display: -ms-flexbox;
  display: flex;
  font-size: 22px;
  opacity: 0.9;
}

.emotion-2 {
  -webkit-user-select: none;
  -moz-user-select: none;
  -ms-user-select: none;
  user-select: none;
  width: 1em;
  height: 1em;
  display: inline-block;
  fill: currentColor;
  -webkit-flex-shrink: 0;
  -ms-flex-negative: 0;
  flex-shrink: 0;
  -webkit-transition: fill 200ms cubic-bezier(0.4, 0, 0.2, 1) 0ms;
  transition: fill 200ms cubic-bezier(0.4, 0, 0.2, 1) 0ms;
  font-size: inherit;
}

.emotion-3 {
  padding: 8px 0;
  min-width: 0;
  overflow: auto;
}

<div
    class="MuiPaper-root MuiPaper-elevation MuiPaper-rounded MuiPaper-elevation0 MuiAlert-root MuiAlert-standardInfo MuiAlert-standard emotion-0"
    role="alert"
  >
    <div
      class="MuiAlert-icon emotion-1"
    >
      <svg
        aria-hidden="true"
        class="MuiSvgIcon-root MuiSvgIcon-fontSizeInherit emotion-2"
        data-testid="InfoOutlinedIcon"
        focusable="false"
        viewBox="0 0 24 24"
      >
        <path
          d="M11,9H13V7H11M12,20C7.59,20 4,16.41 4,12C4,7.59 7.59,4 12,4C16.41,4 20,7.59 20, 12C20,16.41 16.41,20 12,20M12,2A10,10 0 0,0 2,12A10,10 0 0,0 12,22A10,10 0 0,0 22,12A10, 10 0 0,0 12,2M11,17H13V11H11V17Z"
        />
      </svg>
    </div>
    <div
      class="MuiAlert-message emotion-3"
    >
      This is an info alert — check it out!
    </div>
  </div>
  .emotion-0 {
  background-color: #FEFEFE;
  color: #1E2930;
  -webkit-transition: box-shadow 300ms cubic-bezier(0.4, 0, 0.2, 1) 0ms;
  transition: box-shadow 300ms cubic-bezier(0.4, 0, 0.2, 1) 0ms;
  border-radius: 6px;
  box-shadow: none;
  font-weight: 400;
  font-size: 0.875rem;
  line-height: 1.6;
  letter-spacing: 0.016rem;
  font-family: Open Sans,Segoe UI,Tahoma,sans-serif;
  background-color: rgb(240, 252, 245);
  display: -webkit-box;
  display: -webkit-flex;
  display: -ms-flexbox;
  display: flex;
  padding: 6px 16px;
  color: rgb(42, 92, 62);
  border-left: 8px solid;
  padding-left: 12px;
  color: #1E2930;
  background-color: rgb(230, 242, 230);
  border-color: #0A810B;
}

.emotion-0 .MuiAlert-icon {
  color: #6AE79C;
}

.emotion-0 .MuiAlert-icon {
  color: #1E2930;
}

.emotion-1 {
  margin-right: 12px;
  padding: 7px 0;
  display: -webkit-box;
  display: -webkit-flex;
  display: -ms-flexbox;
  display: flex;
  font-size: 22px;
  opacity: 0.9;
}

.emotion-2 {
  -webkit-user-select: none;
  -moz-user-select: none;
  -ms-user-select: none;
  user-select: none;
  width: 1em;
  height: 1em;
  display: inline-block;
  fill: currentColor;
  -webkit-flex-shrink: 0;
  -ms-flex-negative: 0;
  flex-shrink: 0;
  -webkit-transition: fill 200ms cubic-bezier(0.4, 0, 0.2, 1) 0ms;
  transition: fill 200ms cubic-bezier(0.4, 0, 0.2, 1) 0ms;
  font-size: inherit;
}

.emotion-3 {
  padding: 8px 0;
  min-width: 0;
  overflow: auto;
}

<div
    class="MuiPaper-root MuiPaper-elevation MuiPaper-rounded MuiPaper-elevation0 MuiAlert-root MuiAlert-standardSuccess MuiAlert-standard emotion-0"
    role="alert"
  >
    <div
      class="MuiAlert-icon emotion-1"
    >
      <svg
        aria-hidden="true"
        class="MuiSvgIcon-root MuiSvgIcon-fontSizeInherit emotion-2"
        data-testid="SuccessOutlinedIcon"
        focusable="false"
        viewBox="0 0 24 24"
      >
        <path
          d="M20,12A8,8 0 0,1 12,20A8,8 0 0,1 4,12A8,8 0 0,1 12,4C12.76,4 13.5,4.11 14.2, 4.31L15.77,2.74C14.61,2.26 13.34,2 12,2A10,10 0 0,0 2,12A10,10 0 0,0 12,22A10,10 0 0, 0 22,12M7.91,10.08L6.5,11.5L11,16L21,6L19.59,4.58L11,13.17L7.91,10.08Z"
        />
      </svg>
    </div>
    <div
      class="MuiAlert-message emotion-3"
    >
      This is a success alert — check it out!
    </div>
  </div>
  .emotion-0 {
  background-color: #FEFEFE;
  color: #1E2930;
  -webkit-transition: box-shadow 300ms cubic-bezier(0.4, 0, 0.2, 1) 0ms;
  transition: box-shadow 300ms cubic-bezier(0.4, 0, 0.2, 1) 0ms;
  border-radius: 6px;
  box-shadow: none;
  font-weight: 400;
  font-size: 0.875rem;
  line-height: 1.6;
  letter-spacing: 0.016rem;
  font-family: Open Sans,Segoe UI,Tahoma,sans-serif;
  background-color: transparent;
  display: -webkit-box;
  display: -webkit-flex;
  display: -ms-flexbox;
  display: flex;
  padding: 6px 16px;
  color: rgb(102, 63, 52);
  border: 1px solid #FF9E84;
  border: none;
  padding-left: 0;
  padding-right: 0;
  background-color: white;
  color: #1E2930;
}

.emotion-0 .MuiAlert-icon {
  color: #FF9E84;
}

.emotion-0 .MuiAlert-icon {
  color: #D52C00;
}

.emotion-1 {
  margin-right: 12px;
  padding: 7px 0;
  display: -webkit-box;
  display: -webkit-flex;
  display: -ms-flexbox;
  display: flex;
  font-size: 22px;
  opacity: 0.9;
}

.emotion-2 {
  -webkit-user-select: none;
  -moz-user-select: none;
  -ms-user-select: none;
  user-select: none;
  width: 1em;
  height: 1em;
  display: inline-block;
  fill: currentColor;
  -webkit-flex-shrink: 0;
  -ms-flex-negative: 0;
  flex-shrink: 0;
  -webkit-transition: fill 200ms cubic-bezier(0.4, 0, 0.2, 1) 0ms;
  transition: fill 200ms cubic-bezier(0.4, 0, 0.2, 1) 0ms;
  font-size: inherit;
}

.emotion-3 {
  padding: 8px 0;
  min-width: 0;
  overflow: auto;
}

<div
    class="MuiPaper-root MuiPaper-elevation MuiPaper-rounded MuiPaper-elevation0 MuiAlert-root MuiAlert-outlinedError MuiAlert-outlined emotion-0"
    role="alert"
  >
    <div
      class="MuiAlert-icon emotion-1"
    >
      <svg
        aria-hidden="true"
        class="MuiSvgIcon-root MuiSvgIcon-fontSizeInherit emotion-2"
        data-testid="ErrorOutlineIcon"
        focusable="false"
        viewBox="0 0 24 24"
      >
        <path
          d="M11 15h2v2h-2zm0-8h2v6h-2zm.99-5C6.47 2 2 6.48 2 12s4.47 10 9.99 10C17.52 22 22 17.52 22 12S17.52 2 11.99 2zM12 20c-4.42 0-8-3.58-8-8s3.58-8 8-8 8 3.58 8 8-3.58 8-8 8z"
        />
      </svg>
    </div>
    <div
      class="MuiAlert-message emotion-3"
    >
      This is an error alert — check it out!
    </div>
  </div>
  .emotion-0 {
  background-color: #FEFEFE;
  color: #1E2930;
  -webkit-transition: box-shadow 300ms cubic-bezier(0.4, 0, 0.2, 1) 0ms;
  transition: box-shadow 300ms cubic-bezier(0.4, 0, 0.2, 1) 0ms;
  border-radius: 6px;
  box-shadow: none;
  font-weight: 400;
  font-size: 0.875rem;
  line-height: 1.6;
  letter-spacing: 0.016rem;
  font-family: Open Sans,Segoe UI,Tahoma,sans-serif;
  background-color: transparent;
  display: -webkit-box;
  display: -webkit-flex;
  display: -ms-flexbox;
  display: flex;
  padding: 6px 16px;
  color: rgb(102, 93, 74);
  border: 1px solid #FFEAB9;
  border: none;
  padding-left: 0;
  padding-right: 0;
  background-color: white;
  color: #1E2930;
}

.emotion-0 .MuiAlert-icon {
  color: #FFEAB9;
}

.emotion-0 .MuiAlert-icon {
  color: #EBAC17;
}

.emotion-1 {
  margin-right: 12px;
  padding: 7px 0;
  display: -webkit-box;
  display: -webkit-flex;
  display: -ms-flexbox;
  display: flex;
  font-size: 22px;
  opacity: 0.9;
}

.emotion-2 {
  -webkit-user-select: none;
  -moz-user-select: none;
  -ms-user-select: none;
  user-select: none;
  width: 1em;
  height: 1em;
  display: inline-block;
  fill: currentColor;
  -webkit-flex-shrink: 0;
  -ms-flex-negative: 0;
  flex-shrink: 0;
  -webkit-transition: fill 200ms cubic-bezier(0.4, 0, 0.2, 1) 0ms;
  transition: fill 200ms cubic-bezier(0.4, 0, 0.2, 1) 0ms;
  font-size: inherit;
}

.emotion-3 {
  padding: 8px 0;
  min-width: 0;
  overflow: auto;
}

<div
    class="MuiPaper-root MuiPaper-elevation MuiPaper-rounded MuiPaper-elevation0 MuiAlert-root MuiAlert-outlinedWarning MuiAlert-outlined emotion-0"
    role="alert"
  >
    <div
      class="MuiAlert-icon emotion-1"
    >
      <svg
        aria-hidden="true"
        class="MuiSvgIcon-root MuiSvgIcon-fontSizeInherit emotion-2"
        data-testid="ReportProblemOutlinedIcon"
        focusable="false"
        viewBox="0 0 24 24"
      >
        <path
          d="M12 5.99L19.53 19H4.47L12 5.99M12 2L1 21h22L12 2zm1 14h-2v2h2v-2zm0-6h-2v4h2v-4z"
        />
      </svg>
    </div>
    <div
      class="MuiAlert-message emotion-3"
    >
      This is a warning alert — check it out!
    </div>
  </div>
  .emotion-0 {
  background-color: #FEFEFE;
  color: #1E2930;
  -webkit-transition: box-shadow 300ms cubic-bezier(0.4, 0, 0.2, 1) 0ms;
  transition: box-shadow 300ms cubic-bezier(0.4, 0, 0.2, 1) 0ms;
  border-radius: 6px;
  box-shadow: none;
  font-weight: 400;
  font-size: 0.875rem;
  line-height: 1.6;
  letter-spacing: 0.016rem;
  font-family: Open Sans,Segoe UI,Tahoma,sans-serif;
  background-color: transparent;
  display: -webkit-box;
  display: -webkit-flex;
  display: -ms-flexbox;
  display: flex;
  padding: 6px 16px;
  color: rgb(0, 81, 79);
  border: 1px solid #00CCC7;
  border: none;
  padding-left: 0;
  padding-right: 0;
  background-color: white;
  color: #1E2930;
}

.emotion-0 .MuiAlert-icon {
  color: #00CCC7;
}

.emotion-0 .MuiAlert-icon {
  color: #007C79;
}

.emotion-1 {
  margin-right: 12px;
  padding: 7px 0;
  display: -webkit-box;
  display: -webkit-flex;
  display: -ms-flexbox;
  display: flex;
  font-size: 22px;
  opacity: 0.9;
}

.emotion-2 {
  -webkit-user-select: none;
  -moz-user-select: none;
  -ms-user-select: none;
  user-select: none;
  width: 1em;
  height: 1em;
  display: inline-block;
  fill: currentColor;
  -webkit-flex-shrink: 0;
  -ms-flex-negative: 0;
  flex-shrink: 0;
  -webkit-transition: fill 200ms cubic-bezier(0.4, 0, 0.2, 1) 0ms;
  transition: fill 200ms cubic-bezier(0.4, 0, 0.2, 1) 0ms;
  font-size: inherit;
}

.emotion-3 {
  padding: 8px 0;
  min-width: 0;
  overflow: auto;
}

<div
    class="MuiPaper-root MuiPaper-elevation MuiPaper-rounded MuiPaper-elevation0 MuiAlert-root MuiAlert-outlinedInfo MuiAlert-outlined emotion-0"
    role="alert"
  >
    <div
      class="MuiAlert-icon emotion-1"
    >
      <svg
        aria-hidden="true"
        class="MuiSvgIcon-root MuiSvgIcon-fontSizeInherit emotion-2"
        data-testid="InfoOutlinedIcon"
        focusable="false"
        viewBox="0 0 24 24"
      >
        <path
          d="M11,9H13V7H11M12,20C7.59,20 4,16.41 4,12C4,7.59 7.59,4 12,4C16.41,4 20,7.59 20, 12C20,16.41 16.41,20 12,20M12,2A10,10 0 0,0 2,12A10,10 0 0,0 12,22A10,10 0 0,0 22,12A10, 10 0 0,0 12,2M11,17H13V11H11V17Z"
        />
      </svg>
    </div>
    <div
      class="MuiAlert-message emotion-3"
    >
      This is an info alert — check it out!
    </div>
  </div>
  .emotion-0 {
  background-color: #FEFEFE;
  color: #1E2930;
  -webkit-transition: box-shadow 300ms cubic-bezier(0.4, 0, 0.2, 1) 0ms;
  transition: box-shadow 300ms cubic-bezier(0.4, 0, 0.2, 1) 0ms;
  border-radius: 6px;
  box-shadow: none;
  font-weight: 400;
  font-size: 0.875rem;
  line-height: 1.6;
  letter-spacing: 0.016rem;
  font-family: Open Sans,Segoe UI,Tahoma,sans-serif;
  background-color: transparent;
  display: -webkit-box;
  display: -webkit-flex;
  display: -ms-flexbox;
  display: flex;
  padding: 6px 16px;
  color: rgb(42, 92, 62);
  border: 1px solid #6AE79C;
  border: none;
  padding-left: 0;
  padding-right: 0;
  background-color: white;
  color: #1E2930;
}

.emotion-0 .MuiAlert-icon {
  color: #6AE79C;
}

.emotion-0 .MuiAlert-icon {
  color: #0A810B;
}

.emotion-1 {
  margin-right: 12px;
  padding: 7px 0;
  display: -webkit-box;
  display: -webkit-flex;
  display: -ms-flexbox;
  display: flex;
  font-size: 22px;
  opacity: 0.9;
}

.emotion-2 {
  -webkit-user-select: none;
  -moz-user-select: none;
  -ms-user-select: none;
  user-select: none;
  width: 1em;
  height: 1em;
  display: inline-block;
  fill: currentColor;
  -webkit-flex-shrink: 0;
  -ms-flex-negative: 0;
  flex-shrink: 0;
  -webkit-transition: fill 200ms cubic-bezier(0.4, 0, 0.2, 1) 0ms;
  transition: fill 200ms cubic-bezier(0.4, 0, 0.2, 1) 0ms;
  font-size: inherit;
}

.emotion-3 {
  padding: 8px 0;
  min-width: 0;
  overflow: auto;
}

<div
    class="MuiPaper-root MuiPaper-elevation MuiPaper-rounded MuiPaper-elevation0 MuiAlert-root MuiAlert-outlinedSuccess MuiAlert-outlined emotion-0"
    role="alert"
  >
    <div
      class="MuiAlert-icon emotion-1"
    >
      <svg
        aria-hidden="true"
        class="MuiSvgIcon-root MuiSvgIcon-fontSizeInherit emotion-2"
        data-testid="SuccessOutlinedIcon"
        focusable="false"
        viewBox="0 0 24 24"
      >
        <path
          d="M20,12A8,8 0 0,1 12,20A8,8 0 0,1 4,12A8,8 0 0,1 12,4C12.76,4 13.5,4.11 14.2, 4.31L15.77,2.74C14.61,2.26 13.34,2 12,2A10,10 0 0,0 2,12A10,10 0 0,0 12,22A10,10 0 0, 0 22,12M7.91,10.08L6.5,11.5L11,16L21,6L19.59,4.58L11,13.17L7.91,10.08Z"
        />
      </svg>
    </div>
    <div
      class="MuiAlert-message emotion-3"
    >
      This is a success alert — check it out!
    </div>
  </div>
  .emotion-0 {
  background-color: #FEFEFE;
  color: #1E2930;
  -webkit-transition: box-shadow 300ms cubic-bezier(0.4, 0, 0.2, 1) 0ms;
  transition: box-shadow 300ms cubic-bezier(0.4, 0, 0.2, 1) 0ms;
  border-radius: 6px;
  box-shadow: none;
  font-weight: 600;
  font-size: 0.875rem;
  line-height: 1.6;
  letter-spacing: 0.016rem;
  font-family: Open Sans,Segoe UI,Tahoma,sans-serif;
  background-color: #D52C00;
  display: -webkit-box;
  display: -webkit-flex;
  display: -ms-flexbox;
  display: flex;
  padding: 6px 16px;
  color: #fff;
  background-color: #BE2800;
}

.emotion-1 {
  margin-right: 12px;
  padding: 7px 0;
  display: -webkit-box;
  display: -webkit-flex;
  display: -ms-flexbox;
  display: flex;
  font-size: 22px;
  opacity: 0.9;
}

.emotion-2 {
  -webkit-user-select: none;
  -moz-user-select: none;
  -ms-user-select: none;
  user-select: none;
  width: 1em;
  height: 1em;
  display: inline-block;
  fill: currentColor;
  -webkit-flex-shrink: 0;
  -ms-flex-negative: 0;
  flex-shrink: 0;
  -webkit-transition: fill 200ms cubic-bezier(0.4, 0, 0.2, 1) 0ms;
  transition: fill 200ms cubic-bezier(0.4, 0, 0.2, 1) 0ms;
  font-size: inherit;
}

.emotion-3 {
  padding: 8px 0;
  min-width: 0;
  overflow: auto;
}

<div
    class="MuiPaper-root MuiPaper-elevation MuiPaper-rounded MuiPaper-elevation0 MuiAlert-root MuiAlert-filledError MuiAlert-filled emotion-0"
    role="alert"
  >
    <div
      class="MuiAlert-icon emotion-1"
    >
      <svg
        aria-hidden="true"
        class="MuiSvgIcon-root MuiSvgIcon-fontSizeInherit emotion-2"
        data-testid="ErrorOutlineIcon"
        focusable="false"
        viewBox="0 0 24 24"
      >
        <path
          d="M11 15h2v2h-2zm0-8h2v6h-2zm.99-5C6.47 2 2 6.48 2 12s4.47 10 9.99 10C17.52 22 22 17.52 22 12S17.52 2 11.99 2zM12 20c-4.42 0-8-3.58-8-8s3.58-8 8-8 8 3.58 8 8-3.58 8-8 8z"
        />
      </svg>
    </div>
    <div
      class="MuiAlert-message emotion-3"
    >
      This is an error alert — check it out!
    </div>
  </div>
  .emotion-0 {
  background-color: #FEFEFE;
  color: #1E2930;
  -webkit-transition: box-shadow 300ms cubic-bezier(0.4, 0, 0.2, 1) 0ms;
  transition: box-shadow 300ms cubic-bezier(0.4, 0, 0.2, 1) 0ms;
  border-radius: 6px;
  box-shadow: none;
  font-weight: 600;
  font-size: 0.875rem;
  line-height: 1.6;
  letter-spacing: 0.016rem;
  font-family: Open Sans,Segoe UI,Tahoma,sans-serif;
  background-color: #EBAC17;
  display: -webkit-box;
  display: -webkit-flex;
  display: -ms-flexbox;
  display: flex;
  padding: 6px 16px;
  color: rgba(0, 0, 0, 0.87);
  color: #121212;
}

.emotion-0 .MuiAlert-icon {
  color: rgb(141, 103, 13);
}

.emotion-1 {
  margin-right: 12px;
  padding: 7px 0;
  display: -webkit-box;
  display: -webkit-flex;
  display: -ms-flexbox;
  display: flex;
  font-size: 22px;
  opacity: 0.9;
}

.emotion-2 {
  -webkit-user-select: none;
  -moz-user-select: none;
  -ms-user-select: none;
  user-select: none;
  width: 1em;
  height: 1em;
  display: inline-block;
  fill: currentColor;
  -webkit-flex-shrink: 0;
  -ms-flex-negative: 0;
  flex-shrink: 0;
  -webkit-transition: fill 200ms cubic-bezier(0.4, 0, 0.2, 1) 0ms;
  transition: fill 200ms cubic-bezier(0.4, 0, 0.2, 1) 0ms;
  font-size: inherit;
}

.emotion-3 {
  padding: 8px 0;
  min-width: 0;
  overflow: auto;
}

<div
    class="MuiPaper-root MuiPaper-elevation MuiPaper-rounded MuiPaper-elevation0 MuiAlert-root MuiAlert-filledWarning MuiAlert-filled emotion-0"
    role="alert"
  >
    <div
      class="MuiAlert-icon emotion-1"
    >
      <svg
        aria-hidden="true"
        class="MuiSvgIcon-root MuiSvgIcon-fontSizeInherit emotion-2"
        data-testid="ReportProblemOutlinedIcon"
        focusable="false"
        viewBox="0 0 24 24"
      >
        <path
          d="M12 5.99L19.53 19H4.47L12 5.99M12 2L1 21h22L12 2zm1 14h-2v2h2v-2zm0-6h-2v4h2v-4z"
        />
      </svg>
    </div>
    <div
      class="MuiAlert-message emotion-3"
    >
      This is a warning alert — check it out!
    </div>
  </div>
  .emotion-0 {
  background-color: #FEFEFE;
  color: #1E2930;
  -webkit-transition: box-shadow 300ms cubic-bezier(0.4, 0, 0.2, 1) 0ms;
  transition: box-shadow 300ms cubic-bezier(0.4, 0, 0.2, 1) 0ms;
  border-radius: 6px;
  box-shadow: none;
  font-weight: 600;
  font-size: 0.875rem;
  line-height: 1.6;
  letter-spacing: 0.016rem;
  font-family: Open Sans,Segoe UI,Tahoma,sans-serif;
  background-color: #007C79;
  display: -webkit-box;
  display: -webkit-flex;
  display: -ms-flexbox;
  display: flex;
  padding: 6px 16px;
  color: #fff;
}

.emotion-1 {
  margin-right: 12px;
  padding: 7px 0;
  display: -webkit-box;
  display: -webkit-flex;
  display: -ms-flexbox;
  display: flex;
  font-size: 22px;
  opacity: 0.9;
}

.emotion-2 {
  -webkit-user-select: none;
  -moz-user-select: none;
  -ms-user-select: none;
  user-select: none;
  width: 1em;
  height: 1em;
  display: inline-block;
  fill: currentColor;
  -webkit-flex-shrink: 0;
  -ms-flex-negative: 0;
  flex-shrink: 0;
  -webkit-transition: fill 200ms cubic-bezier(0.4, 0, 0.2, 1) 0ms;
  transition: fill 200ms cubic-bezier(0.4, 0, 0.2, 1) 0ms;
  font-size: inherit;
}

.emotion-3 {
  padding: 8px 0;
  min-width: 0;
  overflow: auto;
}

<div
    class="MuiPaper-root MuiPaper-elevation MuiPaper-rounded MuiPaper-elevation0 MuiAlert-root MuiAlert-filledInfo MuiAlert-filled emotion-0"
    role="alert"
  >
    <div
      class="MuiAlert-icon emotion-1"
    >
      <svg
        aria-hidden="true"
        class="MuiSvgIcon-root MuiSvgIcon-fontSizeInherit emotion-2"
        data-testid="InfoOutlinedIcon"
        focusable="false"
        viewBox="0 0 24 24"
      >
        <path
          d="M11,9H13V7H11M12,20C7.59,20 4,16.41 4,12C4,7.59 7.59,4 12,4C16.41,4 20,7.59 20, 12C20,16.41 16.41,20 12,20M12,2A10,10 0 0,0 2,12A10,10 0 0,0 12,22A10,10 0 0,0 22,12A10, 10 0 0,0 12,2M11,17H13V11H11V17Z"
        />
      </svg>
    </div>
    <div
      class="MuiAlert-message emotion-3"
    >
      This is an info alert — check it out!
    </div>
  </div>
  .emotion-0 {
  background-color: #FEFEFE;
  color: #1E2930;
  -webkit-transition: box-shadow 300ms cubic-bezier(0.4, 0, 0.2, 1) 0ms;
  transition: box-shadow 300ms cubic-bezier(0.4, 0, 0.2, 1) 0ms;
  border-radius: 6px;
  box-shadow: none;
  font-weight: 600;
  font-size: 0.875rem;
  line-height: 1.6;
  letter-spacing: 0.016rem;
  font-family: Open Sans,Segoe UI,Tahoma,sans-serif;
  background-color: #0A810B;
  display: -webkit-box;
  display: -webkit-flex;
  display: -ms-flexbox;
  display: flex;
  padding: 6px 16px;
  color: #fff;
}

.emotion-1 {
  margin-right: 12px;
  padding: 7px 0;
  display: -webkit-box;
  display: -webkit-flex;
  display: -ms-flexbox;
  display: flex;
  font-size: 22px;
  opacity: 0.9;
}

.emotion-2 {
  -webkit-user-select: none;
  -moz-user-select: none;
  -ms-user-select: none;
  user-select: none;
  width: 1em;
  height: 1em;
  display: inline-block;
  fill: currentColor;
  -webkit-flex-shrink: 0;
  -ms-flex-negative: 0;
  flex-shrink: 0;
  -webkit-transition: fill 200ms cubic-bezier(0.4, 0, 0.2, 1) 0ms;
  transition: fill 200ms cubic-bezier(0.4, 0, 0.2, 1) 0ms;
  font-size: inherit;
}

.emotion-3 {
  padding: 8px 0;
  min-width: 0;
  overflow: auto;
}

<div
    class="MuiPaper-root MuiPaper-elevation MuiPaper-rounded MuiPaper-elevation0 MuiAlert-root MuiAlert-filledSuccess MuiAlert-filled emotion-0"
    role="alert"
  >
    <div
      class="MuiAlert-icon emotion-1"
    >
      <svg
        aria-hidden="true"
        class="MuiSvgIcon-root MuiSvgIcon-fontSizeInherit emotion-2"
        data-testid="SuccessOutlinedIcon"
        focusable="false"
        viewBox="0 0 24 24"
      >
        <path
          d="M20,12A8,8 0 0,1 12,20A8,8 0 0,1 4,12A8,8 0 0,1 12,4C12.76,4 13.5,4.11 14.2, 4.31L15.77,2.74C14.61,2.26 13.34,2 12,2A10,10 0 0,0 2,12A10,10 0 0,0 12,22A10,10 0 0, 0 22,12M7.91,10.08L6.5,11.5L11,16L21,6L19.59,4.58L11,13.17L7.91,10.08Z"
        />
      </svg>
    </div>
    <div
      class="MuiAlert-message emotion-3"
    >
      This is a success alert — check it out!
    </div>
  </div>
  .emotion-0 {
  background-color: #FEFEFE;
  color: #1E2930;
  -webkit-transition: box-shadow 300ms cubic-bezier(0.4, 0, 0.2, 1) 0ms;
  transition: box-shadow 300ms cubic-bezier(0.4, 0, 0.2, 1) 0ms;
  border-radius: 6px;
  box-shadow: none;
  font-weight: 400;
  font-size: 0.875rem;
  line-height: 1.6;
  letter-spacing: 0.016rem;
  font-family: Open Sans,Segoe UI,Tahoma,sans-serif;
  background-color: rgb(255, 245, 242);
  display: -webkit-box;
  display: -webkit-flex;
  display: -ms-flexbox;
  display: flex;
  padding: 6px 16px;
  color: rgb(102, 63, 52);
  border-left: 8px solid;
  padding-left: 12px;
  color: #1E2930;
  background-color: rgb(250, 233, 229);
  border-color: #D52C00;
}

.emotion-0 .MuiAlert-icon {
  color: #FF9E84;
}

.emotion-0 .MuiAlert-icon {
  color: #1E2930;
}

.emotion-1 {
  margin-right: 12px;
  padding: 7px 0;
  display: -webkit-box;
  display: -webkit-flex;
  display: -ms-flexbox;
  display: flex;
  font-size: 22px;
  opacity: 0.9;
}

.emotion-2 {
  -webkit-user-select: none;
  -moz-user-select: none;
  -ms-user-select: none;
  user-select: none;
  width: 1em;
  height: 1em;
  display: inline-block;
  fill: currentColor;
  -webkit-flex-shrink: 0;
  -ms-flex-negative: 0;
  flex-shrink: 0;
  -webkit-transition: fill 200ms cubic-bezier(0.4, 0, 0.2, 1) 0ms;
  transition: fill 200ms cubic-bezier(0.4, 0, 0.2, 1) 0ms;
  font-size: inherit;
}

.emotion-3 {
  padding: 8px 0;
  min-width: 0;
  overflow: auto;
}

<div
    class="MuiPaper-root MuiPaper-elevation MuiPaper-rounded MuiPaper-elevation0 MuiAlert-root MuiAlert-standardError MuiAlert-standard emotion-0"
    role="alert"
  >
    <div
      class="MuiAlert-icon emotion-1"
    >
      <svg
        aria-hidden="true"
        class="MuiSvgIcon-root MuiSvgIcon-fontSizeInherit emotion-2"
        data-testid="ErrorOutlineIcon"
        focusable="false"
        viewBox="0 0 24 24"
      >
        <path
          d="M11 15h2v2h-2zm0-8h2v6h-2zm.99-5C6.47 2 2 6.48 2 12s4.47 10 9.99 10C17.52 22 22 17.52 22 12S17.52 2 11.99 2zM12 20c-4.42 0-8-3.58-8-8s3.58-8 8-8 8 3.58 8 8-3.58 8-8 8z"
        />
      </svg>
    </div>
    <div
      class="MuiAlert-message emotion-3"
    >
      <b>
        This is an error alert with component message — check it out!
      </b>
    </div>
  </div>
</DocumentFragment>
`;
