// Jest Snapshot v1, https://goo.gl/fbAQLP

exports[`EmptyNoteMessage should render snapshot correctly 1`] = `
<DocumentFragment>
  .emotion-0 {
  display: -webkit-box;
  display: -webkit-flex;
  display: -ms-flexbox;
  display: flex;
  -webkit-flex-direction: column;
  -ms-flex-direction: column;
  flex-direction: column;
  -webkit-align-items: center;
  -webkit-box-align: center;
  -ms-flex-align: center;
  align-items: center;
  padding-left: 16px;
  padding-right: 16px;
  color: #5E696F;
}

.emotion-1 {
  -webkit-user-select: none;
  -moz-user-select: none;
  -ms-user-select: none;
  user-select: none;
  width: 1em;
  height: 1em;
  display: inline-block;
  fill: currentColor;
  -webkit-flex-shrink: 0;
  -ms-flex-negative: 0;
  flex-shrink: 0;
  -webkit-transition: fill 200ms cubic-bezier(0.4, 0, 0.2, 1) 0ms;
  transition: fill 200ms cubic-bezier(0.4, 0, 0.2, 1) 0ms;
  font-size: 1.5rem;
}

.emotion-2 {
  margin: 0;
  font-weight: 600;
  font-size: 0.875rem;
  line-height: 1.428;
  letter-spacing: 0.016rem;
  font-family: Open Sans,Segoe UI,Tahoma,sans-serif;
  margin-top: 8px;
}

<div
    class="MuiBox-root emotion-0"
    data-testid="notes-empty-message"
  >
    <svg
      aria-hidden="true"
      class="MuiSvgIcon-root MuiSvgIcon-fontSizeMedium emotion-1"
      data-testid="StickyNote2Icon"
      focusable="false"
      viewBox="0 0 24 24"
    >
      <path
        d="M19 3H4.99C3.89 3 3 3.9 3 5l.01 14c0 1.1.89 2 1.99 2h10l6-6V5c0-1.1-.9-2-2-2zM7 8h10v2H7V8zm5 6H7v-2h5v2zm2 5.5V14h5.5L14 19.5z"
      />
    </svg>
    <h6
      class="MuiTypography-root MuiTypography-subtitle2 emotion-2"
    >
      No notes have been added
    </h6>
  </div>
</DocumentFragment>
`;
